Archive member included to satisfy reference by file (symbol)

c:/st/stm32cubeide_1.10.1/stm32cubeide/plugins/com.st.stm32cube.ide.mcu.externaltools.gnu-tools-for-stm32.10.3-2021.10.win32_1.0.0.202111181127/tools/bin/../lib/gcc/arm-none-eabi/10.3.1/../../../../arm-none-eabi/lib/thumb/v7e-m+fp/hard\libstdc++_nano.a(pure.o)
                              ./Core/Src/mainpp.o (__cxa_pure_virtual)
c:/st/stm32cubeide_1.10.1/stm32cubeide/plugins/com.st.stm32cube.ide.mcu.externaltools.gnu-tools-for-stm32.10.3-2021.10.win32_1.0.0.202111181127/tools/bin/../lib/gcc/arm-none-eabi/10.3.1/../../../../arm-none-eabi/lib/thumb/v7e-m+fp/hard\libstdc++_nano.a(eh_terminate.o)
                              c:/st/stm32cubeide_1.10.1/stm32cubeide/plugins/com.st.stm32cube.ide.mcu.externaltools.gnu-tools-for-stm32.10.3-2021.10.win32_1.0.0.202111181127/tools/bin/../lib/gcc/arm-none-eabi/10.3.1/../../../../arm-none-eabi/lib/thumb/v7e-m+fp/hard\libstdc++_nano.a(pure.o) (std::terminate())
c:/st/stm32cubeide_1.10.1/stm32cubeide/plugins/com.st.stm32cube.ide.mcu.externaltools.gnu-tools-for-stm32.10.3-2021.10.win32_1.0.0.202111181127/tools/bin/../lib/gcc/arm-none-eabi/10.3.1/../../../../arm-none-eabi/lib/thumb/v7e-m+fp/hard\libstdc++_nano.a(eh_unex_handler.o)
                              c:/st/stm32cubeide_1.10.1/stm32cubeide/plugins/com.st.stm32cube.ide.mcu.externaltools.gnu-tools-for-stm32.10.3-2021.10.win32_1.0.0.202111181127/tools/bin/../lib/gcc/arm-none-eabi/10.3.1/../../../../arm-none-eabi/lib/thumb/v7e-m+fp/hard\libstdc++_nano.a(eh_terminate.o) (__cxxabiv1::__unexpected_handler)
c:/st/stm32cubeide_1.10.1/stm32cubeide/plugins/com.st.stm32cube.ide.mcu.externaltools.gnu-tools-for-stm32.10.3-2021.10.win32_1.0.0.202111181127/tools/bin/../lib/gcc/arm-none-eabi/10.3.1/../../../../arm-none-eabi/lib/thumb/v7e-m+fp/hard\libstdc++_nano.a(eh_term_handler.o)
                              c:/st/stm32cubeide_1.10.1/stm32cubeide/plugins/com.st.stm32cube.ide.mcu.externaltools.gnu-tools-for-stm32.10.3-2021.10.win32_1.0.0.202111181127/tools/bin/../lib/gcc/arm-none-eabi/10.3.1/../../../../arm-none-eabi/lib/thumb/v7e-m+fp/hard\libstdc++_nano.a(eh_terminate.o) (__cxxabiv1::__terminate_handler)
c:/st/stm32cubeide_1.10.1/stm32cubeide/plugins/com.st.stm32cube.ide.mcu.externaltools.gnu-tools-for-stm32.10.3-2021.10.win32_1.0.0.202111181127/tools/bin/../lib/gcc/arm-none-eabi/10.3.1/../../../../arm-none-eabi/lib/thumb/v7e-m+fp/hard\libm.a(lib_a-s_atan.o)
                              ./Core/Src/mpu6050.o (atan)
c:/st/stm32cubeide_1.10.1/stm32cubeide/plugins/com.st.stm32cube.ide.mcu.externaltools.gnu-tools-for-stm32.10.3-2021.10.win32_1.0.0.202111181127/tools/bin/../lib/gcc/arm-none-eabi/10.3.1/../../../../arm-none-eabi/lib/thumb/v7e-m+fp/hard\libm.a(lib_a-s_fabs.o)
                              c:/st/stm32cubeide_1.10.1/stm32cubeide/plugins/com.st.stm32cube.ide.mcu.externaltools.gnu-tools-for-stm32.10.3-2021.10.win32_1.0.0.202111181127/tools/bin/../lib/gcc/arm-none-eabi/10.3.1/../../../../arm-none-eabi/lib/thumb/v7e-m+fp/hard\libm.a(lib_a-s_atan.o) (fabs)
c:/st/stm32cubeide_1.10.1/stm32cubeide/plugins/com.st.stm32cube.ide.mcu.externaltools.gnu-tools-for-stm32.10.3-2021.10.win32_1.0.0.202111181127/tools/bin/../lib/gcc/arm-none-eabi/10.3.1/../../../../arm-none-eabi/lib/thumb/v7e-m+fp/hard\libm.a(lib_a-sf_fmax.o)
                              ./Core/Src/ws2812.o (fmaxf)
c:/st/stm32cubeide_1.10.1/stm32cubeide/plugins/com.st.stm32cube.ide.mcu.externaltools.gnu-tools-for-stm32.10.3-2021.10.win32_1.0.0.202111181127/tools/bin/../lib/gcc/arm-none-eabi/10.3.1/../../../../arm-none-eabi/lib/thumb/v7e-m+fp/hard\libm.a(lib_a-sf_fmin.o)
                              ./Core/Src/ws2812.o (fminf)
c:/st/stm32cubeide_1.10.1/stm32cubeide/plugins/com.st.stm32cube.ide.mcu.externaltools.gnu-tools-for-stm32.10.3-2021.10.win32_1.0.0.202111181127/tools/bin/../lib/gcc/arm-none-eabi/10.3.1/../../../../arm-none-eabi/lib/thumb/v7e-m+fp/hard\libm.a(lib_a-sf_fpclassify.o)
                              c:/st/stm32cubeide_1.10.1/stm32cubeide/plugins/com.st.stm32cube.ide.mcu.externaltools.gnu-tools-for-stm32.10.3-2021.10.win32_1.0.0.202111181127/tools/bin/../lib/gcc/arm-none-eabi/10.3.1/../../../../arm-none-eabi/lib/thumb/v7e-m+fp/hard\libm.a(lib_a-sf_fmax.o) (__fpclassifyf)
c:/st/stm32cubeide_1.10.1/stm32cubeide/plugins/com.st.stm32cube.ide.mcu.externaltools.gnu-tools-for-stm32.10.3-2021.10.win32_1.0.0.202111181127/tools/bin/../lib/gcc/arm-none-eabi/10.3.1/../../../../arm-none-eabi/lib/thumb/v7e-m+fp/hard\libm.a(lib_a-sf_sin.o)
                              ./Core/Src/ws2812.o (sinf)
c:/st/stm32cubeide_1.10.1/stm32cubeide/plugins/com.st.stm32cube.ide.mcu.externaltools.gnu-tools-for-stm32.10.3-2021.10.win32_1.0.0.202111181127/tools/bin/../lib/gcc/arm-none-eabi/10.3.1/../../../../arm-none-eabi/lib/thumb/v7e-m+fp/hard\libm.a(lib_a-w_atan2.o)
                              ./Core/Src/mpu6050.o (atan2)
[...]
Memory Configuration

Name             Origin             Length             Attributes
CCMRAM           0x0000000010000000 0x0000000000010000 xrw
RAM              0x0000000020000000 0x0000000000030000 xrw
FLASH            0x0000000008000000 0x0000000000200000 xr
*default*        0x0000000000000000 0xffffffffffffffff

Linker script and memory map

LOAD c:/st/stm32cubeide_1.10.1/stm32cubeide/plugins/com.st.stm32cube.ide.mcu.externaltools.gnu-tools-for-stm32.10.3-2021.10.win32_1.0.0.202111181127/tools/bin/../lib/gcc/arm-none-eabi/10.3.1/thumb/v7e-m+fp/hard/crti.o
LOAD c:/st/stm32cubeide_1.10.1/stm32cubeide/plugins/com.st.stm32cube.ide.mcu.externaltools.gnu-tools-for-stm32.10.3-2021.10.win32_1.0.0.202111181127/tools/bin/../lib/gcc/arm-none-eabi/10.3.1/thumb/v7e-m+fp/hard/crtbegin.o
LOAD c:/st/stm32cubeide_1.10.1/stm32cubeide/plugins/com.st.stm32cube.ide.mcu.externaltools.gnu-tools-for-stm32.10.3-2021.10.win32_1.0.0.202111181127/tools/bin/../lib/gcc/arm-none-eabi/10.3.1/../../../../arm-none-eabi/lib/thumb/v7e-m+fp/hard/crt0.o
LOAD ./Core/Inc/ros_lib/BufferedSerial.o
LOAD ./Core/Inc/ros_lib/duration.o
LOAD ./Core/Inc/ros_lib/time.o
LOAD ./Core/Src/main.o
LOAD ./Core/Src/mainpp.o
LOAD ./Core/Src/mpu6050.o
LOAD ./Core/Src/stm32f4xx_hal_msp.o
LOAD ./Core/Src/stm32f4xx_it.o
LOAD ./Core/Src/syscalls.o
LOAD ./Core/Src/sysmem.o
LOAD ./Core/Src/system_stm32f4xx.o
LOAD ./Core/Src/ws2812.o
LOAD ./Core/Src/ws2812_c.o
LOAD ./Core/Startup/startup_stm32f429zitx.o
LOAD ./Drivers/STM32F4xx_HAL_Driver/Src/stm32f4xx_hal.o
LOAD ./Drivers/STM32F4xx_HAL_Driver/Src/stm32f4xx_hal_adc.o
LOAD ./Drivers/STM32F4xx_HAL_Driver/Src/stm32f4xx_hal_adc_ex.o
LOAD ./Drivers/STM32F4xx_HAL_Driver/Src/stm32f4xx_hal_cortex.o
LOAD ./Drivers/STM32F4xx_HAL_Driver/Src/stm32f4xx_hal_dma.o
LOAD ./Drivers/STM32F4xx_HAL_Driver/Src/stm32f4xx_hal_dma_ex.o
LOAD ./Drivers/STM32F4xx_HAL_Driver/Src/stm32f4xx_hal_eth.o
LOAD ./Drivers/STM32F4xx_HAL_Driver/Src/stm32f4xx_hal_exti.o
LOAD ./Drivers/STM32F4xx_HAL_Driver/Src/stm32f4xx_hal_flash.o
LOAD ./Drivers/STM32F4xx_HAL_Driver/Src/stm32f4xx_hal_flash_ex.o
LOAD ./Drivers/STM32F4xx_HAL_Driver/Src/stm32f4xx_hal_flash_ramfunc.o
LOAD ./Drivers/STM32F4xx_HAL_Driver/Src/stm32f4xx_hal_gpio.o
LOAD ./Drivers/STM32F4xx_HAL_Driver/Src/stm32f4xx_hal_i2c.o
LOAD ./Drivers/STM32F4xx_HAL_Driver/Src/stm32f4xx_hal_i2c_ex.o
LOAD ./Drivers/STM32F4xx_HAL_Driver/Src/stm32f4xx_hal_pcd.o
LOAD ./Drivers/STM32F4xx_HAL_Driver/Src/stm32f4xx_hal_pcd_ex.o
LOAD ./Drivers/STM32F4xx_HAL_Driver/Src/stm32f4xx_hal_pwr.o
LOAD ./Drivers/STM32F4xx_HAL_Driver/Src/stm32f4xx_hal_pwr_ex.o
LOAD ./Drivers/STM32F4xx_HAL_Driver/Src/stm32f4xx_hal_rcc.o
LOAD ./Drivers/STM32F4xx_HAL_Driver/Src/stm32f4xx_hal_rcc_ex.o
LOAD ./Drivers/STM32F4xx_HAL_Driver/Src/stm32f4xx_hal_tim.o
LOAD ./Drivers/STM32F4xx_HAL_Driver/Src/stm32f4xx_hal_tim_ex.o
LOAD ./Drivers/STM32F4xx_HAL_Driver/Src/stm32f4xx_hal_uart.o
LOAD ./Drivers/STM32F4xx_HAL_Driver/Src/stm32f4xx_ll_adc.o
LOAD ./Drivers/STM32F4xx_HAL_Driver/Src/stm32f4xx_ll_usb.o
START GROUP
LOAD c:/st/stm32cubeide_1.10.1/stm32cubeide/plugins/com.st.stm32cube.ide.mcu.externaltools.gnu-tools-for-stm32.10.3-2021.10.win32_1.0.0.202111181127/tools/bin/../lib/gcc/arm-none-eabi/10.3.1/../../../../arm-none-eabi/lib/thumb/v7e-m+fp/hard\libstdc++_nano.a
LOAD c:/st/stm32cubeide_1.10.1/stm32cubeide/plugins/com.st.stm32cube.ide.mcu.externaltools.gnu-tools-for-stm32.10.3-2021.10.win32_1.0.0.202111181127/tools/bin/../lib/gcc/arm-none-eabi/10.3.1/../../../../arm-none-eabi/lib/thumb/v7e-m+fp/hard\libsupc++_nano.a
END GROUP
LOAD c:/st/stm32cubeide_1.10.1/stm32cubeide/plugins/com.st.stm32cube.ide.mcu.externaltools.gnu-tools-for-stm32.10.3-2021.10.win32_1.0.0.202111181127/tools/bin/../lib/gcc/arm-none-eabi/10.3.1/../../../../arm-none-eabi/lib/thumb/v7e-m+fp/hard\libstdc++_nano.a
LOAD c:/st/stm32cubeide_1.10.1/stm32cubeide/plugins/com.st.stm32cube.ide.mcu.externaltools.gnu-tools-for-stm32.10.3-2021.10.win32_1.0.0.202111181127/tools/bin/../lib/gcc/arm-none-eabi/10.3.1/../../../../arm-none-eabi/lib/thumb/v7e-m+fp/hard\libm.a
LOAD c:/st/stm32cubeide_1.10.1/stm32cubeide/plugins/com.st.stm32cube.ide.mcu.externaltools.gnu-tools-for-stm32.10.3-2021.10.win32_1.0.0.202111181127/tools/bin/../lib/gcc/arm-none-eabi/10.3.1/../../../../arm-none-eabi/lib/thumb/v7e-m+fp/hard\libc_nano.a
START GROUP
LOAD c:/st/stm32cubeide_1.10.1/stm32cubeide/plugins/com.st.stm32cube.ide.mcu.externaltools.gnu-tools-for-stm32.10.3-2021.10.win32_1.0.0.202111181127/tools/bin/../lib/gcc/arm-none-eabi/10.3.1/thumb/v7e-m+fp/hard\libgcc.a
LOAD c:/st/stm32cubeide_1.10.1/stm32cubeide/plugins/com.st.stm32cube.ide.mcu.externaltools.gnu-tools-for-stm32.10.3-2021.10.win32_1.0.0.202111181127/tools/bin/../lib/gcc/arm-none-eabi/10.3.1/../../../../arm-none-eabi/lib/thumb/v7e-m+fp/hard\libc_nano.a
END GROUP
START GROUP
LOAD c:/st/stm32cubeide_1.10.1/stm32cubeide/plugins/com.st.stm32cube.ide.mcu.externaltools.gnu-tools-for-stm32.10.3-2021.10.win32_1.0.0.202111181127/tools/bin/../lib/gcc/arm-none-eabi/10.3.1/thumb/v7e-m+fp/hard\libgcc.a
LOAD c:/st/stm32cubeide_1.10.1/stm32cubeide/plugins/com.st.stm32cube.ide.mcu.externaltools.gnu-tools-for-stm32.10.3-2021.10.win32_1.0.0.202111181127/tools/bin/../lib/gcc/arm-none-eabi/10.3.1/../../../../arm-none-eabi/lib/thumb/v7e-m+fp/hard\libc_nano.a
LOAD c:/st/stm32cubeide_1.10.1/stm32cubeide/plugins/com.st.stm32cube.ide.mcu.externaltools.gnu-tools-for-stm32.10.3-2021.10.win32_1.0.0.202111181127/tools/bin/../lib/gcc/arm-none-eabi/10.3.1/../../../../arm-none-eabi/lib/thumb/v7e-m+fp/hard\libnosys.a
END GROUP
START GROUP
LOAD c:/st/stm32cubeide_1.10.1/stm32cubeide/plugins/com.st.stm32cube.ide.mcu.externaltools.gnu-tools-for-stm32.10.3-2021.10.win32_1.0.0.202111181127/tools/bin/../lib/gcc/arm-none-eabi/10.3.1/thumb/v7e-m+fp/hard\libgcc.a
LOAD c:/st/stm32cubeide_1.10.1/stm32cubeide/plugins/com.st.stm32cube.ide.mcu.externaltools.gnu-tools-for-stm32.10.3-2021.10.win32_1.0.0.202111181127/tools/bin/../lib/gcc/arm-none-eabi/10.3.1/../../../../arm-none-eabi/lib/thumb/v7e-m+fp/hard\libc_nano.a
LOAD c:/st/stm32cubeide_1.10.1/stm32cubeide/plugins/com.st.stm32cube.ide.mcu.externaltools.gnu-tools-for-stm32.10.3-2021.10.win32_1.0.0.202111181127/tools/bin/../lib/gcc/arm-none-eabi/10.3.1/../../../../arm-none-eabi/lib/thumb/v7e-m+fp/hard\libnosys.a
END GROUP
LOAD c:/st/stm32cubeide_1.10.1/stm32cubeide/plugins/com.st.stm32cube.ide.mcu.externaltools.gnu-tools-for-stm32.10.3-2021.10.win32_1.0.0.202111181127/tools/bin/../lib/gcc/arm-none-eabi/10.3.1/thumb/v7e-m+fp/hard/crtend.o
LOAD c:/st/stm32cubeide_1.10.1/stm32cubeide/plugins/com.st.stm32cube.ide.mcu.externaltools.gnu-tools-for-stm32.10.3-2021.10.win32_1.0.0.202111181127/tools/bin/../lib/gcc/arm-none-eabi/10.3.1/thumb/v7e-m+fp/hard/crtn.o
                0x0000000020030000                _estack = (ORIGIN (RAM) + LENGTH (RAM))
                0x0000000000000200                _Min_Heap_Size = 0x200
                0x0000000000000400                _Min_Stack_Size = 0x400

.isr_vector     0x0000000008000000      0x1ac
                0x0000000008000000                . = ALIGN (0x4)
 *(.isr_vector)
 .isr_vector    0x0000000008000000      0x1ac ./Core/Startup/startup_stm32f429zitx.o
                0x0000000008000000                g_pfnVectors
                0x00000000080001ac                . = ALIGN (0x4)

.text           0x00000000080001b0     0xcdbc
                0x00000000080001b0                . = ALIGN (0x4)
 *(.text)
 .text          0x00000000080001b0       0x40 c:/st/stm32cubeide_1.10.1/stm32cubeide/plugins/com.st.stm32cube.ide.mcu.externaltools.gnu-tools-for-stm32.10.3-2021.10.win32_1.0.0.202111181127/tools/bin/../lib/gcc/arm-none-eabi/10.3.1/thumb/v7e-m+fp/hard/crtbegin.o
 .text          0x00000000080001f0       0x10 c:/st/stm32cubeide_1.10.1/stm32cubeide/plugins/com.st.stm32cube.ide.mcu.externaltools.gnu-tools-for-stm32.10.3-2021.10.win32_1.0.0.202111181127/tools/bin/../lib/gcc/arm-none-eabi/10.3.1/../../../../arm-none-eabi/lib/thumb/v7e-m+fp/hard\libc_nano.a(lib_a-strlen.o)
                0x00000000080001f0                strlen
 .text          0x0000000008000200      0x378 c:/st/stm32cubeide_1.10.1/stm32cubeide/plugins/com.st.stm32cube.ide.mcu.externaltools.gnu-tools-for-stm32.10.3-2021.10.win32_1.0.0.202111181127/tools/bin/../lib/gcc/arm-none-eabi/10.3.1/thumb/v7e-m+fp/hard\libgcc.a(_arm_addsubdf3.o)
                0x0000000008000200                __aeabi_drsub
                0x0000000008000208                __aeabi_dsub
                0x0000000008000208                __subdf3
                0x000000000800020c                __aeabi_dadd
                0x000000000800020c                __adddf3
                0x0000000008000484                __floatunsidf
                0x0000000008000484                __aeabi_ui2d
                0x00000000080004a4                __floatsidf
                0x00000000080004a4                __aeabi_i2d
                0x00000000080004c8                __aeabi_f2d
                0x00000000080004c8                __extendsfdf2
                0x000000000800050c                __floatundidf
                0x000000000800050c                __aeabi_ul2d
                0x000000000800051c                __floatdidf
                0x000000000800051c                __aeabi_l2d
 .text          0x0000000008000578      0x424 c:/st/stm32cubeide_1.10.1/stm32cubeide/plugins/com.st.stm32cube.ide.mcu.externaltools.gnu-tools-for-stm32.10.3-2021.10.win32_1.0.0.202111181127/tools/bin/../lib/gcc/arm-none-eabi/10.3.1/thumb/v7e-m+fp/hard\libgcc.a(_arm_muldivdf3.o)
                0x0000000008000578                __aeabi_dmul
                0x0000000008000578                __muldf3
                0x00000000080007cc                __divdf3
                0x00000000080007cc                __aeabi_ddiv
 .text          0x000000000800099c      0x110 c:/st/stm32cubeide_1.10.1/stm32cubeide/plugins/com.st.stm32cube.ide.mcu.externaltools.gnu-tools-for-stm32.10.3-2021.10.win32_1.0.0.202111181127/tools/bin/../lib/gcc/arm-none-eabi/10.3.1/thumb/v7e-m+fp/hard\libgcc.a(_arm_cmpdf2.o)
                0x000000000800099c                __gtdf2
                0x000000000800099c                __gedf2
                0x00000000080009a4                __ltdf2
                0x00000000080009a4                __ledf2
                0x00000000080009ac                __nedf2
                0x00000000080009ac                __eqdf2
                0x00000000080009ac                __cmpdf2
                0x0000000008000a28                __aeabi_cdrcmple
                0x0000000008000a38                __aeabi_cdcmpeq
                0x0000000008000a38                __aeabi_cdcmple
                0x0000000008000a48                __aeabi_dcmpeq
                0x0000000008000a5c                __aeabi_dcmplt
                0x0000000008000a70                __aeabi_dcmple
                0x0000000008000a84                __aeabi_dcmpge
                0x0000000008000a98                __aeabi_dcmpgt
 .text          0x0000000008000aac       0xa0 c:/st/stm32cubeide_1.10.1/stm32cubeide/plugins/com.st.stm32cube.ide.mcu.externaltools.gnu-tools-for-stm32.10.3-2021.10.win32_1.0.0.202111181127/tools/bin/../lib/gcc/arm-none-eabi/10.3.1/thumb/v7e-m+fp/hard\libgcc.a(_arm_truncdfsf2.o)
                0x0000000008000aac                __truncdfsf2
                0x0000000008000aac                __aeabi_d2f
 .text          0x0000000008000b4c       0x30 c:/st/stm32cubeide_1.10.1/stm32cubeide/plugins/com.st.stm32cube.ide.mcu.externaltools.gnu-tools-for-stm32.10.3-2021.10.win32_1.0.0.202111181127/tools/bin/../lib/gcc/arm-none-eabi/10.3.1/thumb/v7e-m+fp/hard\libgcc.a(_aeabi_uldivmod.o)
                0x0000000008000b4c                __aeabi_uldivmod
 .text          0x0000000008000b7c      0x2d0 c:/st/stm32cubeide_1.10.1/stm32cubeide/plugins/com.st.stm32cube.ide.mcu.externaltools.gnu-tools-for-stm32.10.3-2021.10.win32_1.0.0.202111181127/tools/bin/../lib/gcc/arm-none-eabi/10.3.1/thumb/v7e-m+fp/hard\libgcc.a(_udivmoddi4.o)
                0x0000000008000b7c                __udivmoddi4
 .text          0x0000000008000e4c        0x4 c:/st/stm32cubeide_1.10.1/stm32cubeide/plugins/com.st.stm32cube.ide.mcu.externaltools.gnu-tools-for-stm32.10.3-2021.10.win32_1.0.0.202111181127/tools/bin/../lib/gcc/arm-none-eabi/10.3.1/thumb/v7e-m+fp/hard\libgcc.a(_dvmd_tls.o)
                0x0000000008000e4c                __aeabi_idiv0
                0x0000000008000e4c                __aeabi_ldiv0
 *(.text*)
 .text._ZN14BufferedSerialC2ER20__UART_HandleTypeDef
                0x0000000008000e50       0x40 ./Core/Inc/ros_lib/BufferedSerial.o
                0x0000000008000e50                BufferedSerial::BufferedSerial(__UART_HandleTypeDef&)
                0x0000000008000e50                BufferedSerial::BufferedSerial(__UART_HandleTypeDef&)
 .text._ZN14BufferedSerial4initEv
                0x0000000008000e90       0x16 ./Core/Inc/ros_lib/BufferedSerial.o
                0x0000000008000e90                BufferedSerial::init()
 .text._ZN14BufferedSerial4readEv
                0x0000000008000ea6       0x6c ./Core/Inc/ros_lib/BufferedSerial.o
                0x0000000008000ea6                BufferedSerial::read()
 .text._ZN14BufferedSerial5writeEPKhi
                0x0000000008000f12       0xae ./Core/Inc/ros_lib/BufferedSerial.o
                0x0000000008000f12                BufferedSerial::write(unsigned char const*, int)
 .text._ZN14BufferedSerial15flush_tx_bufferEv
                0x0000000008000fc0      0x11c ./Core/Inc/ros_lib/BufferedSerial.o
                0x0000000008000fc0                BufferedSerial::flush_tx_buffer()
 .text._ZN14BufferedSerial15reset_rx_bufferEv
                0x00000000080010dc       0x22 ./Core/Inc/ros_lib/BufferedSerial.o
                0x00000000080010dc                BufferedSerial::reset_rx_buffer()
 .text._ZN14BufferedSerial10get_handleEv
                0x00000000080010fe       0x18 ./Core/Inc/ros_lib/BufferedSerial.o
                0x00000000080010fe                BufferedSerial::get_handle()
 *fill*         0x0000000008001116        0x2 
 .text.HAL_UART_TxCpltCallback
                0x0000000008001118       0x38 ./Core/Inc/ros_lib/BufferedSerial.o
                0x0000000008001118                HAL_UART_TxCpltCallback
 .text.HAL_UART_RxCpltCallback
                0x0000000008001150       0x1c ./Core/Inc/ros_lib/BufferedSerial.o
                0x0000000008001150                HAL_UART_RxCpltCallback
 .text._Z41__static_initialization_and_destruction_0ii
                0x000000000800116c       0x34 ./Core/Inc/ros_lib/BufferedSerial.o
 .text._GLOBAL__sub_I_buff_serial
                0x00000000080011a0       0x10 ./Core/Inc/ros_lib/BufferedSerial.o
 .text._ZN3ros16normalizeSecNSecERmS0_
                0x00000000080011b0       0x58 ./Core/Inc/ros_lib/time.o
                0x00000000080011b0                ros::normalizeSecNSec(unsigned long&, unsigned long&)
 .text.HAL_TIM_IC_CaptureCallback
                0x0000000008001208      0x37c ./Core/Src/main.o
                0x0000000008001208                HAL_TIM_IC_CaptureCallback
 .text.delay_r  0x0000000008001584       0x34 ./Core/Src/main.o
                0x0000000008001584                delay_r
 .text.delay_l  0x00000000080015b8       0x34 ./Core/Src/main.o
                0x00000000080015b8                delay_l
 .text.HCSR04_Read_r
                0x00000000080015ec       0x40 ./Core/Src/main.o
                0x00000000080015ec                HCSR04_Read_r
 .text.HCSR04_Read_l
                0x000000000800162c       0x3c ./Core/Src/main.o
                0x000000000800162c                HCSR04_Read_l
 .text.complementary_r
                0x0000000008001668       0xb0 ./Core/Src/main.o
                0x0000000008001668                complementary_r
 .text.complementary_l
                0x0000000008001718       0xb0 ./Core/Src/main.o
                0x0000000008001718                complementary_l
 .text.main     0x00000000080017c8      0x144 ./Core/Src/main.o
                0x00000000080017c8                main
 .text.SystemClock_Config
                0x000000000800190c       0xd4 ./Core/Src/main.o
                0x000000000800190c                SystemClock_Config
 .text.MX_ADC1_Init
                0x00000000080019e0       0xc0 ./Core/Src/main.o
 .text.MX_ETH_Init
                0x0000000008001aa0       0x9c ./Core/Src/main.o
 .text.MX_I2C1_Init
                0x0000000008001b3c       0x80 ./Core/Src/main.o
 .text.MX_TIM1_Init
                0x0000000008001bbc      0x104 ./Core/Src/main.o
 .text.MX_TIM3_Init
                0x0000000008001cc0       0xe0 ./Core/Src/main.o
 .text.MX_TIM4_Init
                0x0000000008001da0       0xe0 ./Core/Src/main.o
 .text.MX_USART3_UART_Init
                0x0000000008001e80       0x54 ./Core/Src/main.o
 .text.MX_USART6_UART_Init
                0x0000000008001ed4       0x54 ./Core/Src/main.o
 .text.MX_USB_OTG_FS_PCD_Init
                0x0000000008001f28       0x5c ./Core/Src/main.o
 .text.MX_DMA_Init
                0x0000000008001f84       0x70 ./Core/Src/main.o
 .text.MX_GPIO_Init
                0x0000000008001ff4      0x1fc ./Core/Src/main.o
 .text.Error_Handler
                0x00000000080021f0        0xa ./Core/Src/main.o
                0x00000000080021f0                Error_Handler
 *fill*         0x00000000080021fa        0x2 
 .text._ZN13STM32HardwareC2Ev
                0x00000000080021fc       0x20 ./Core/Src/mainpp.o
                0x00000000080021fc                STM32Hardware::STM32Hardware()
                0x00000000080021fc                STM32Hardware::STM32Hardware()
 .text._ZN13STM32Hardware4initEv
                0x000000000800221c       0x1a ./Core/Src/mainpp.o
                0x000000000800221c                STM32Hardware::init()
 .text._ZN13STM32Hardware4readEv
                0x0000000008002236       0x1c ./Core/Src/mainpp.o
                0x0000000008002236                STM32Hardware::read()
 .text._ZN13STM32Hardware5writeEPhi
                0x0000000008002252       0x22 ./Core/Src/mainpp.o
                0x0000000008002252                STM32Hardware::write(unsigned char*, int)
 .text._ZN13STM32Hardware4timeEv
                0x0000000008002274       0x16 ./Core/Src/mainpp.o
                0x0000000008002274                STM32Hardware::time()
 .text._ZN3ros3Msg19serializeAvrFloat64EPhf
                0x000000000800228a       0xd8 ./Core/Src/mainpp.o
                0x000000000800228a                ros::Msg::serializeAvrFloat64(unsigned char*, float)
 .text._ZN3ros3Msg21deserializeAvrFloat64EPKhPf
                0x0000000008002362       0xc4 ./Core/Src/mainpp.o
                0x0000000008002362                ros::Msg::deserializeAvrFloat64(unsigned char const*, float*)
 .text._ZN3ros4TimeC2Ev
                0x0000000008002426       0x22 ./Core/Src/mainpp.o
                0x0000000008002426                ros::Time::Time()
                0x0000000008002426                ros::Time::Time()
 .text._ZN3ros3MsgC2Ev
                0x0000000008002448       0x20 ./Core/Src/mainpp.o
                0x0000000008002448                ros::Msg::Msg()
                0x0000000008002448                ros::Msg::Msg()
 .text._ZN8std_msgs4TimeC2Ev
                0x0000000008002468       0x30 ./Core/Src/mainpp.o
                0x0000000008002468                std_msgs::Time::Time()
                0x0000000008002468                std_msgs::Time::Time()
 .text._ZNK8std_msgs4Time9serializeEPh
                0x0000000008002498       0xb0 ./Core/Src/mainpp.o
                0x0000000008002498                std_msgs::Time::serialize(unsigned char*) const
 .text._ZN8std_msgs4Time11deserializeEPh
                0x0000000008002548       0xc8 ./Core/Src/mainpp.o
                0x0000000008002548                std_msgs::Time::deserialize(unsigned char*)
 .text._ZN8std_msgs4Time7getTypeEv
                0x0000000008002610       0x1c ./Core/Src/mainpp.o
                0x0000000008002610                std_msgs::Time::getType()
 .text._ZN8std_msgs4Time6getMD5Ev
                0x000000000800262c       0x1c ./Core/Src/mainpp.o
                0x000000000800262c                std_msgs::Time::getMD5()
 .text._ZN14rosserial_msgs9TopicInfoC2Ev
                0x0000000008002648       0x48 ./Core/Src/mainpp.o
                0x0000000008002648                rosserial_msgs::TopicInfo::TopicInfo()
                0x0000000008002648                rosserial_msgs::TopicInfo::TopicInfo()
 .text._ZNK14rosserial_msgs9TopicInfo9serializeEPh
                0x0000000008002690      0x136 ./Core/Src/mainpp.o
                0x0000000008002690                rosserial_msgs::TopicInfo::serialize(unsigned char*) const
 .text._ZN14rosserial_msgs9TopicInfo11deserializeEPh
                0x00000000080027c6      0x1d0 ./Core/Src/mainpp.o
                0x00000000080027c6                rosserial_msgs::TopicInfo::deserialize(unsigned char*)
 *fill*         0x0000000008002996        0x2 
 .text._ZN14rosserial_msgs9TopicInfo7getTypeEv
                0x0000000008002998       0x1c ./Core/Src/mainpp.o
                0x0000000008002998                rosserial_msgs::TopicInfo::getType()
 .text._ZN14rosserial_msgs9TopicInfo6getMD5Ev
                0x00000000080029b4       0x1c ./Core/Src/mainpp.o
                0x00000000080029b4                rosserial_msgs::TopicInfo::getMD5()
 .text._ZN14rosserial_msgs3LogC2Ev
                0x00000000080029d0       0x34 ./Core/Src/mainpp.o
                0x00000000080029d0                rosserial_msgs::Log::Log()
                0x00000000080029d0                rosserial_msgs::Log::Log()
 .text._ZNK14rosserial_msgs3Log9serializeEPh
                0x0000000008002a04       0x64 ./Core/Src/mainpp.o
                0x0000000008002a04                rosserial_msgs::Log::serialize(unsigned char*) const
 .text._ZN14rosserial_msgs3Log11deserializeEPh
                0x0000000008002a68       0x90 ./Core/Src/mainpp.o
                0x0000000008002a68                rosserial_msgs::Log::deserialize(unsigned char*)
 .text._ZN14rosserial_msgs3Log7getTypeEv
                0x0000000008002af8       0x1c ./Core/Src/mainpp.o
                0x0000000008002af8                rosserial_msgs::Log::getType()
 .text._ZN14rosserial_msgs3Log6getMD5Ev
                0x0000000008002b14       0x1c ./Core/Src/mainpp.o
                0x0000000008002b14                rosserial_msgs::Log::getMD5()
 .text._ZN14rosserial_msgs20RequestParamResponseC2Ev
                0x0000000008002b30       0x48 ./Core/Src/mainpp.o
                0x0000000008002b30                rosserial_msgs::RequestParamResponse::RequestParamResponse()
                0x0000000008002b30                rosserial_msgs::RequestParamResponse::RequestParamResponse()
 .text._ZNK14rosserial_msgs20RequestParamResponse9serializeEPh
                0x0000000008002b78      0x222 ./Core/Src/mainpp.o
                0x0000000008002b78                rosserial_msgs::RequestParamResponse::serialize(unsigned char*) const
 .text._ZN14rosserial_msgs20RequestParamResponse11deserializeEPh
                0x0000000008002d9a      0x2e2 ./Core/Src/mainpp.o
                0x0000000008002d9a                rosserial_msgs::RequestParamResponse::deserialize(unsigned char*)
 .text._ZN14rosserial_msgs20RequestParamResponse7getTypeEv
                0x000000000800307c       0x1c ./Core/Src/mainpp.o
                0x000000000800307c                rosserial_msgs::RequestParamResponse::getType()
 .text._ZN14rosserial_msgs20RequestParamResponse6getMD5Ev
                0x0000000008003098       0x1c ./Core/Src/mainpp.o
                0x0000000008003098                rosserial_msgs::RequestParamResponse::getMD5()
 .text._ZN3ros9PublisherC2EPKcPNS_3MsgEi
                0x00000000080030b4       0x2e ./Core/Src/mainpp.o
                0x00000000080030b4                ros::Publisher::Publisher(char const*, ros::Msg*, int)
                0x00000000080030b4                ros::Publisher::Publisher(char const*, ros::Msg*, int)
 .text._ZN3ros9Publisher7publishEPKNS_3MsgE
                0x00000000080030e2       0x28 ./Core/Src/mainpp.o
                0x00000000080030e2                ros::Publisher::publish(ros::Msg const*)
 .text._ZN3ros9Publisher15getEndpointTypeEv
                0x000000000800310a       0x18 ./Core/Src/mainpp.o
                0x000000000800310a                ros::Publisher::getEndpointType()
 *fill*         0x0000000008003122        0x2 
 .text._ZN13geometry_msgs7Vector3C2Ev
                0x0000000008003124       0x3c ./Core/Src/mainpp.o
                0x0000000008003124                geometry_msgs::Vector3::Vector3()
                0x0000000008003124                geometry_msgs::Vector3::Vector3()
 .text._ZNK13geometry_msgs7Vector39serializeEPh
                0x0000000008003160       0x72 ./Core/Src/mainpp.o
                0x0000000008003160                geometry_msgs::Vector3::serialize(unsigned char*) const
 .text._ZN13geometry_msgs7Vector311deserializeEPh
                0x00000000080031d2       0x66 ./Core/Src/mainpp.o
                0x00000000080031d2                geometry_msgs::Vector3::deserialize(unsigned char*)
 .text._ZN13geometry_msgs7Vector37getTypeEv
                0x0000000008003238       0x1c ./Core/Src/mainpp.o
                0x0000000008003238                geometry_msgs::Vector3::getType()
 .text._ZN13geometry_msgs7Vector36getMD5Ev
                0x0000000008003254       0x1c ./Core/Src/mainpp.o
                0x0000000008003254                geometry_msgs::Vector3::getMD5()
 .text._ZN13geometry_msgs5TwistC2Ev
                0x0000000008003270       0x38 ./Core/Src/mainpp.o
                0x0000000008003270                geometry_msgs::Twist::Twist()
                0x0000000008003270                geometry_msgs::Twist::Twist()
 .text._ZNK13geometry_msgs5Twist9serializeEPh
                0x00000000080032a8       0x4a ./Core/Src/mainpp.o
                0x00000000080032a8                geometry_msgs::Twist::serialize(unsigned char*) const
 .text._ZN13geometry_msgs5Twist11deserializeEPh
                0x00000000080032f2       0x4a ./Core/Src/mainpp.o
                0x00000000080032f2                geometry_msgs::Twist::deserialize(unsigned char*)
 .text._ZN13geometry_msgs5Twist7getTypeEv
                0x000000000800333c       0x1c ./Core/Src/mainpp.o
                0x000000000800333c                geometry_msgs::Twist::getType()
 .text._ZN13geometry_msgs5Twist6getMD5Ev
                0x0000000008003358       0x1c ./Core/Src/mainpp.o
                0x0000000008003358                geometry_msgs::Twist::getMD5()
 .text._ZN13freeway_joyfw10stm_fw_msgC2Ev
                0x0000000008003374       0x3c ./Core/Src/mainpp.o
                0x0000000008003374                freeway_joyfw::stm_fw_msg::stm_fw_msg()
                0x0000000008003374                freeway_joyfw::stm_fw_msg::stm_fw_msg()
 .text._ZNK13freeway_joyfw10stm_fw_msg9serializeEPh
                0x00000000080033b0       0x5e ./Core/Src/mainpp.o
                0x00000000080033b0                freeway_joyfw::stm_fw_msg::serialize(unsigned char*) const
 .text._ZN13freeway_joyfw10stm_fw_msg11deserializeEPh
                0x000000000800340e       0x72 ./Core/Src/mainpp.o
                0x000000000800340e                freeway_joyfw::stm_fw_msg::deserialize(unsigned char*)
 .text._ZN13freeway_joyfw10stm_fw_msg7getTypeEv
                0x0000000008003480       0x1c ./Core/Src/mainpp.o
                0x0000000008003480                freeway_joyfw::stm_fw_msg::getType()
 .text._ZN13freeway_joyfw10stm_fw_msg6getMD5Ev
                0x000000000800349c       0x1c ./Core/Src/mainpp.o
                0x000000000800349c                freeway_joyfw::stm_fw_msg::getMD5()
 .text._ZN13freeway_joyfw10stm_am_msgC2Ev
                0x00000000080034b8       0x2c ./Core/Src/mainpp.o
                0x00000000080034b8                freeway_joyfw::stm_am_msg::stm_am_msg()
                0x00000000080034b8                freeway_joyfw::stm_am_msg::stm_am_msg()
 .text._ZNK13freeway_joyfw10stm_am_msg9serializeEPh
                0x00000000080034e4       0x32 ./Core/Src/mainpp.o
                0x00000000080034e4                freeway_joyfw::stm_am_msg::serialize(unsigned char*) const
 .text._ZN13freeway_joyfw10stm_am_msg11deserializeEPh
                0x0000000008003516       0x3c ./Core/Src/mainpp.o
                0x0000000008003516                freeway_joyfw::stm_am_msg::deserialize(unsigned char*)
 *fill*         0x0000000008003552        0x2 
 .text._ZN13freeway_joyfw10stm_am_msg7getTypeEv
                0x0000000008003554       0x1c ./Core/Src/mainpp.o
                0x0000000008003554                freeway_joyfw::stm_am_msg::getType()
 .text._ZN13freeway_joyfw10stm_am_msg6getMD5Ev
                0x0000000008003570       0x1c ./Core/Src/mainpp.o
                0x0000000008003570                freeway_joyfw::stm_am_msg::getMD5()
 .text._ZN8std_msgs6HeaderC2Ev
                0x000000000800358c       0x40 ./Core/Src/mainpp.o
                0x000000000800358c                std_msgs::Header::Header()
                0x000000000800358c                std_msgs::Header::Header()
 .text._ZNK8std_msgs6Header9serializeEPh
                0x00000000080035cc      0x130 ./Core/Src/mainpp.o
                0x00000000080035cc                std_msgs::Header::serialize(unsigned char*) const
 .text._ZN8std_msgs6Header11deserializeEPh
                0x00000000080036fc      0x180 ./Core/Src/mainpp.o
                0x00000000080036fc                std_msgs::Header::deserialize(unsigned char*)
 .text._ZN8std_msgs6Header7getTypeEv
                0x000000000800387c       0x1c ./Core/Src/mainpp.o
                0x000000000800387c                std_msgs::Header::getType()
 .text._ZN8std_msgs6Header6getMD5Ev
                0x0000000008003898       0x1c ./Core/Src/mainpp.o
                0x0000000008003898                std_msgs::Header::getMD5()
 .text._ZN11sensor_msgs5RangeC2Ev
                0x00000000080038b4       0x54 ./Core/Src/mainpp.o
                0x00000000080038b4                sensor_msgs::Range::Range()
                0x00000000080038b4                sensor_msgs::Range::Range()
 .text._ZNK11sensor_msgs5Range9serializeEPh
                0x0000000008003908      0x162 ./Core/Src/mainpp.o
                0x0000000008003908                sensor_msgs::Range::serialize(unsigned char*) const
 .text._ZN11sensor_msgs5Range11deserializeEPh
                0x0000000008003a6a      0x192 ./Core/Src/mainpp.o
                0x0000000008003a6a                sensor_msgs::Range::deserialize(unsigned char*)
 .text._ZN11sensor_msgs5Range7getTypeEv
                0x0000000008003bfc       0x1c ./Core/Src/mainpp.o
                0x0000000008003bfc                sensor_msgs::Range::getType()
 .text._ZN11sensor_msgs5Range6getMD5Ev
                0x0000000008003c18       0x1c ./Core/Src/mainpp.o
                0x0000000008003c18                sensor_msgs::Range::getMD5()
 .text._ZN13freeway_joyfw16stm_fw_sonar_msgC2Ev
                0x0000000008003c34       0x38 ./Core/Src/mainpp.o
                0x0000000008003c34                freeway_joyfw::stm_fw_sonar_msg::stm_fw_sonar_msg()
                0x0000000008003c34                freeway_joyfw::stm_fw_sonar_msg::stm_fw_sonar_msg()
 .text._ZNK13freeway_joyfw16stm_fw_sonar_msg9serializeEPh
                0x0000000008003c6c       0x4a ./Core/Src/mainpp.o
                0x0000000008003c6c                freeway_joyfw::stm_fw_sonar_msg::serialize(unsigned char*) const
 .text._ZN13freeway_joyfw16stm_fw_sonar_msg11deserializeEPh
                0x0000000008003cb6       0x4a ./Core/Src/mainpp.o
                0x0000000008003cb6                freeway_joyfw::stm_fw_sonar_msg::deserialize(unsigned char*)
 .text._ZN13freeway_joyfw16stm_fw_sonar_msg7getTypeEv
                0x0000000008003d00       0x1c ./Core/Src/mainpp.o
                0x0000000008003d00                freeway_joyfw::stm_fw_sonar_msg::getType()
 .text._ZN13freeway_joyfw16stm_fw_sonar_msg6getMD5Ev
                0x0000000008003d1c       0x1c ./Core/Src/mainpp.o
                0x0000000008003d1c                freeway_joyfw::stm_fw_sonar_msg::getMD5()
 .text._Z12am_status_cbRKN13freeway_joyfw10stm_am_msgE
                0x0000000008003d38       0x2c ./Core/Src/mainpp.o
                0x0000000008003d38                am_status_cb(freeway_joyfw::stm_am_msg const&)
 .text.map      0x0000000008003d64       0x38 ./Core/Src/mainpp.o
                0x0000000008003d64                map
 .text.setup    0x0000000008003d9c      0x114 ./Core/Src/mainpp.o
                0x0000000008003d9c                setup
 .text.loop     0x0000000008003eb0      0x208 ./Core/Src/mainpp.o
                0x0000000008003eb0                loop
 .text.HAL_GPIO_EXTI_Callback
                0x00000000080040b8       0x50 ./Core/Src/mainpp.o
                0x00000000080040b8                HAL_GPIO_EXTI_Callback
 .text._ZN3ros3Msg8varToArrIPhmEEvT_T0_
                0x0000000008004108       0x3c ./Core/Src/mainpp.o
                0x0000000008004108                void ros::Msg::varToArr<unsigned char*, unsigned long>(unsigned char*, unsigned long)
 .text._ZN3ros3Msg8arrToVarImPhEEvRT_T0_
                0x0000000008004144       0x4a ./Core/Src/mainpp.o
                0x0000000008004144                void ros::Msg::arrToVar<unsigned long, unsigned char*>(unsigned long&, unsigned char*)
 *fill*         0x000000000800418e        0x2 
 .text._ZN3ros15NodeHandleBase_C2Ev
                0x0000000008004190       0x20 ./Core/Src/mainpp.o
                0x0000000008004190                ros::NodeHandleBase_::NodeHandleBase_()
                0x0000000008004190                ros::NodeHandleBase_::NodeHandleBase_()
 .text._ZN3ros11NodeHandle_I13STM32HardwareLi25ELi25ELi1024ELi1024EEC2Ev
                0x00000000080041b0       0xfc ./Core/Src/mainpp.o
                0x00000000080041b0                ros::NodeHandle_<STM32Hardware, 25, 25, 1024, 1024>::NodeHandle_()
                0x00000000080041b0                ros::NodeHandle_<STM32Hardware, 25, 25, 1024, 1024>::NodeHandle_()
 .text._ZN3ros11Subscriber_C2Ev
                0x00000000080042ac       0x20 ./Core/Src/mainpp.o
                0x00000000080042ac                ros::Subscriber_::Subscriber_()
                0x00000000080042ac                ros::Subscriber_::Subscriber_()
 .text._ZN3ros10SubscriberIN13freeway_joyfw10stm_am_msgEvEC2EPKcPFvRKS2_Ei
                0x00000000080042cc       0x48 ./Core/Src/mainpp.o
                0x00000000080042cc                ros::Subscriber<freeway_joyfw::stm_am_msg, void>::Subscriber(char const*, void (*)(freeway_joyfw::stm_am_msg const&), int)
                0x00000000080042cc                ros::Subscriber<freeway_joyfw::stm_am_msg, void>::Subscriber(char const*, void (*)(freeway_joyfw::stm_am_msg const&), int)
 .text._ZN3ros11NodeHandle_I13STM32HardwareLi25ELi25ELi1024ELi1024EE8initNodeEv
                0x0000000008004314       0x3a ./Core/Src/mainpp.o
                0x0000000008004314                ros::NodeHandle_<STM32Hardware, 25, 25, 1024, 1024>::initNode()
 .text._ZN3ros11NodeHandle_I13STM32HardwareLi25ELi25ELi1024ELi1024EE9subscribeINS_10SubscriberIN13freeway_joyfw10stm_am_msgEvEEEEbRT_
                0x000000000800434e       0x5a ./Core/Src/mainpp.o
                0x000000000800434e                bool ros::NodeHandle_<STM32Hardware, 25, 25, 1024, 1024>::subscribe<ros::Subscriber<freeway_joyfw::stm_am_msg, void> >(ros::Subscriber<freeway_joyfw::stm_am_msg, void>&)
 .text._ZN3ros11NodeHandle_I13STM32HardwareLi25ELi25ELi1024ELi1024EE9advertiseERNS_9PublisherE
                0x00000000080043a8       0x5c ./Core/Src/mainpp.o
                0x00000000080043a8                ros::NodeHandle_<STM32Hardware, 25, 25, 1024, 1024>::advertise(ros::Publisher&)
 .text._ZN3ros11NodeHandle_I13STM32HardwareLi25ELi25ELi1024ELi1024EE8spinOnceEv
                0x0000000008004404      0x3a6 ./Core/Src/mainpp.o
                0x0000000008004404                ros::NodeHandle_<STM32Hardware, 25, 25, 1024, 1024>::spinOnce()
 .text._ZN3ros11NodeHandle_I13STM32HardwareLi25ELi25ELi1024ELi1024EE15requestSyncTimeEv
                0x00000000080047aa       0x3a ./Core/Src/mainpp.o
                0x00000000080047aa                ros::NodeHandle_<STM32Hardware, 25, 25, 1024, 1024>::requestSyncTime()
 .text._ZN3ros11NodeHandle_I13STM32HardwareLi25ELi25ELi1024ELi1024EE15negotiateTopicsEv
                0x00000000080047e4      0x1c0 ./Core/Src/mainpp.o
                0x00000000080047e4                ros::NodeHandle_<STM32Hardware, 25, 25, 1024, 1024>::negotiateTopics()
 .text._ZN3ros11NodeHandle_I13STM32HardwareLi25ELi25ELi1024ELi1024EE8syncTimeEPh
                0x00000000080049a4       0x94 ./Core/Src/mainpp.o
                0x00000000080049a4                ros::NodeHandle_<STM32Hardware, 25, 25, 1024, 1024>::syncTime(unsigned char*)
 .text._ZN3ros11NodeHandle_I13STM32HardwareLi25ELi25ELi1024ELi1024EE7publishEiPKNS_3MsgE
                0x0000000008004a38      0x128 ./Core/Src/mainpp.o
                0x0000000008004a38                ros::NodeHandle_<STM32Hardware, 25, 25, 1024, 1024>::publish(int, ros::Msg const*)
 .text._ZN3ros11NodeHandle_I13STM32HardwareLi25ELi25ELi1024ELi1024EE6setNowERNS_4TimeE
                0x0000000008004b60       0x7c ./Core/Src/mainpp.o
                0x0000000008004b60                ros::NodeHandle_<STM32Hardware, 25, 25, 1024, 1024>::setNow(ros::Time&)
 .text._ZN3ros11NodeHandle_I13STM32HardwareLi25ELi25ELi1024ELi1024EE8logerrorEPKc
                0x0000000008004bdc       0x1c ./Core/Src/mainpp.o
                0x0000000008004bdc                ros::NodeHandle_<STM32Hardware, 25, 25, 1024, 1024>::logerror(char const*)
 .text._ZN3ros11NodeHandle_I13STM32HardwareLi25ELi25ELi1024ELi1024EE3logEcPKc
                0x0000000008004bf8       0x38 ./Core/Src/mainpp.o
                0x0000000008004bf8                ros::NodeHandle_<STM32Hardware, 25, 25, 1024, 1024>::log(char, char const*)
 .text._Z41__static_initialization_and_destruction_0ii
                0x0000000008004c30       0xa0 ./Core/Src/mainpp.o
 .text._ZN3ros10SubscriberIN13freeway_joyfw10stm_am_msgEvE8callbackEPh
                0x0000000008004cd0       0x2a ./Core/Src/mainpp.o
                0x0000000008004cd0                ros::Subscriber<freeway_joyfw::stm_am_msg, void>::callback(unsigned char*)
 .text._ZN3ros10SubscriberIN13freeway_joyfw10stm_am_msgEvE15getEndpointTypeEv
                0x0000000008004cfa       0x18 ./Core/Src/mainpp.o
                0x0000000008004cfa                ros::Subscriber<freeway_joyfw::stm_am_msg, void>::getEndpointType()
 .text._ZN3ros10SubscriberIN13freeway_joyfw10stm_am_msgEvE10getMsgTypeEv
                0x0000000008004d12       0x1c ./Core/Src/mainpp.o
                0x0000000008004d12                ros::Subscriber<freeway_joyfw::stm_am_msg, void>::getMsgType()
 .text._ZN3ros10SubscriberIN13freeway_joyfw10stm_am_msgEvE9getMsgMD5Ev
                0x0000000008004d2e       0x1c ./Core/Src/mainpp.o
                0x0000000008004d2e                ros::Subscriber<freeway_joyfw::stm_am_msg, void>::getMsgMD5()
 .text._ZN3ros11NodeHandle_I13STM32HardwareLi25ELi25ELi1024ELi1024EE9connectedEv
                0x0000000008004d4a       0x1a ./Core/Src/mainpp.o
                0x0000000008004d4a                ros::NodeHandle_<STM32Hardware, 25, 25, 1024, 1024>::connected()
 .text._GLOBAL__sub_I_nh
                0x0000000008004d64       0x10 ./Core/Src/mainpp.o
 .text.HAL_MspInit
                0x0000000008004d74       0x50 ./Core/Src/stm32f4xx_hal_msp.o
                0x0000000008004d74                HAL_MspInit
 .text.HAL_ADC_MspInit
                0x0000000008004dc4       0xf0 ./Core/Src/stm32f4xx_hal_msp.o
                0x0000000008004dc4                HAL_ADC_MspInit
 .text.HAL_ETH_MspInit
                0x0000000008004eb4      0x18c ./Core/Src/stm32f4xx_hal_msp.o
                0x0000000008004eb4                HAL_ETH_MspInit
 .text.HAL_I2C_MspInit
                0x0000000008005040       0x90 ./Core/Src/stm32f4xx_hal_msp.o
                0x0000000008005040                HAL_I2C_MspInit
 .text.HAL_TIM_PWM_MspInit
                0x00000000080050d0       0xac ./Core/Src/stm32f4xx_hal_msp.o
                0x00000000080050d0                HAL_TIM_PWM_MspInit
 .text.HAL_TIM_Base_MspInit
                0x000000000800517c      0x11c ./Core/Src/stm32f4xx_hal_msp.o
                0x000000000800517c                HAL_TIM_Base_MspInit
 .text.HAL_TIM_MspPostInit
                0x0000000008005298       0x74 ./Core/Src/stm32f4xx_hal_msp.o
                0x0000000008005298                HAL_TIM_MspPostInit
 .text.HAL_UART_MspInit
                0x000000000800530c      0x1d8 ./Core/Src/stm32f4xx_hal_msp.o
                0x000000000800530c                HAL_UART_MspInit
 .text.HAL_PCD_MspInit
                0x00000000080054e4       0xb4 ./Core/Src/stm32f4xx_hal_msp.o
                0x00000000080054e4                HAL_PCD_MspInit
 .text.NMI_Handler
                0x0000000008005598        0x6 ./Core/Src/stm32f4xx_it.o
                0x0000000008005598                NMI_Handler
 .text.HardFault_Handler
                0x000000000800559e        0x6 ./Core/Src/stm32f4xx_it.o
                0x000000000800559e                HardFault_Handler
 .text.MemManage_Handler
                0x00000000080055a4        0x6 ./Core/Src/stm32f4xx_it.o
                0x00000000080055a4                MemManage_Handler
 .text.BusFault_Handler
                0x00000000080055aa        0x6 ./Core/Src/stm32f4xx_it.o
                0x00000000080055aa                BusFault_Handler
 .text.UsageFault_Handler
                0x00000000080055b0        0x6 ./Core/Src/stm32f4xx_it.o
                0x00000000080055b0                UsageFault_Handler
 .text.SVC_Handler
                0x00000000080055b6        0xe ./Core/Src/stm32f4xx_it.o
                0x00000000080055b6                SVC_Handler
 .text.DebugMon_Handler
                0x00000000080055c4        0xe ./Core/Src/stm32f4xx_it.o
                0x00000000080055c4                DebugMon_Handler
 .text.PendSV_Handler
                0x00000000080055d2        0xe ./Core/Src/stm32f4xx_it.o
                0x00000000080055d2                PendSV_Handler
 .text.SysTick_Handler
                0x00000000080055e0        0xc ./Core/Src/stm32f4xx_it.o
                0x00000000080055e0                SysTick_Handler
 .text.EXTI9_5_IRQHandler
                0x00000000080055ec        0xe ./Core/Src/stm32f4xx_it.o
                0x00000000080055ec                EXTI9_5_IRQHandler
 *fill*         0x00000000080055fa        0x2 
 .text.TIM3_IRQHandler
                0x00000000080055fc       0x14 ./Core/Src/stm32f4xx_it.o
                0x00000000080055fc                TIM3_IRQHandler
 .text.TIM4_IRQHandler
                0x0000000008005610       0x14 ./Core/Src/stm32f4xx_it.o
                0x0000000008005610                TIM4_IRQHandler
 .text.DMA2_Stream1_IRQHandler
                0x0000000008005624       0x14 ./Core/Src/stm32f4xx_it.o
                0x0000000008005624                DMA2_Stream1_IRQHandler
 .text.DMA2_Stream3_IRQHandler
                0x0000000008005638       0x14 ./Core/Src/stm32f4xx_it.o
                0x0000000008005638                DMA2_Stream3_IRQHandler
 .text.DMA2_Stream4_IRQHandler
                0x000000000800564c       0x14 ./Core/Src/stm32f4xx_it.o
                0x000000000800564c                DMA2_Stream4_IRQHandler
 .text.DMA2_Stream6_IRQHandler
                0x0000000008005660       0x14 ./Core/Src/stm32f4xx_it.o
                0x0000000008005660                DMA2_Stream6_IRQHandler
 .text.USART6_IRQHandler
                0x0000000008005674       0x14 ./Core/Src/stm32f4xx_it.o
                0x0000000008005674                USART6_IRQHandler
 .text._getpid  0x0000000008005688       0x10 ./Core/Src/syscalls.o
                0x0000000008005688                _getpid
 .text._kill    0x0000000008005698       0x20 ./Core/Src/syscalls.o
                0x0000000008005698                _kill
 .text._exit    0x00000000080056b8       0x14 ./Core/Src/syscalls.o
                0x00000000080056b8                _exit
 .text._sbrk    0x00000000080056cc       0x6c ./Core/Src/sysmem.o
                0x00000000080056cc                _sbrk
 .text.SystemInit
                0x0000000008005738       0x24 ./Core/Src/system_stm32f4xx.o
                0x0000000008005738                SystemInit
 .text.init_neopixel
                0x000000000800575c       0x44 ./Core/Src/ws2812.o
                0x000000000800575c                init_neopixel
 .text.all_black_render
                0x00000000080057a0       0x5c ./Core/Src/ws2812.o
                0x00000000080057a0                all_black_render
 *fill*         0x00000000080057fc        0x4 
 .text.render_breath_mode
                0x0000000008005800      0x1e4 ./Core/Src/ws2812.o
                0x0000000008005800                render_breath_mode
 .text.render_neopixel
                0x00000000080059e4       0xa0 ./Core/Src/ws2812.o
                0x00000000080059e4                render_neopixel
 .text.prepare_next_led
                0x0000000008005a84      0x1bc ./Core/Src/ws2812.o
                0x0000000008005a84                prepare_next_led
 .text.HAL_TIM_PWM_PulseFinishedCallback
                0x0000000008005c40       0xb8 ./Core/Src/ws2812.o
                0x0000000008005c40                HAL_TIM_PWM_PulseFinishedCallback
 .text.HAL_TIM_PWM_PulseFinishedHalfCpltCallback
                0x0000000008005cf8       0x94 ./Core/Src/ws2812.o
                0x0000000008005cf8                HAL_TIM_PWM_PulseFinishedHalfCpltCallback
 .text.Reset_Handler
                0x0000000008005d8c       0x50 ./Core/Startup/startup_stm32f429zitx.o
                0x0000000008005d8c                Reset_Handler
 .text.Default_Handler
                0x0000000008005ddc        0x2 ./Core/Startup/startup_stm32f429zitx.o
                0x0000000008005ddc                RTC_Alarm_IRQHandler
                0x0000000008005ddc                HASH_RNG_IRQHandler
                0x0000000008005ddc                EXTI2_IRQHandler
                0x0000000008005ddc                TIM8_CC_IRQHandler
                0x0000000008005ddc                UART8_IRQHandler
                0x0000000008005ddc                SPI4_IRQHandler
                0x0000000008005ddc                TIM1_CC_IRQHandler
                0x0000000008005ddc                DMA2_Stream5_IRQHandler
                0x0000000008005ddc                DMA1_Stream5_IRQHandler
                0x0000000008005ddc                PVD_IRQHandler
                0x0000000008005ddc                SDIO_IRQHandler
                0x0000000008005ddc                TAMP_STAMP_IRQHandler
                0x0000000008005ddc                CAN2_RX1_IRQHandler
                0x0000000008005ddc                EXTI3_IRQHandler
                0x0000000008005ddc                TIM8_TRG_COM_TIM14_IRQHandler
                0x0000000008005ddc                TIM1_UP_TIM10_IRQHandler
                0x0000000008005ddc                TIM8_UP_TIM13_IRQHandler
                0x0000000008005ddc                I2C3_ER_IRQHandler
                0x0000000008005ddc                EXTI0_IRQHandler
                0x0000000008005ddc                I2C2_EV_IRQHandler
                0x0000000008005ddc                DMA1_Stream2_IRQHandler
                0x0000000008005ddc                CAN1_RX0_IRQHandler
                0x0000000008005ddc                FPU_IRQHandler
                0x0000000008005ddc                OTG_HS_WKUP_IRQHandler
                0x0000000008005ddc                LTDC_ER_IRQHandler
                0x0000000008005ddc                CAN2_SCE_IRQHandler
                0x0000000008005ddc                DMA2_Stream2_IRQHandler
                0x0000000008005ddc                SPI1_IRQHandler
                0x0000000008005ddc                TIM6_DAC_IRQHandler
                0x0000000008005ddc                TIM1_BRK_TIM9_IRQHandler
                0x0000000008005ddc                DCMI_IRQHandler
                0x0000000008005ddc                CAN2_RX0_IRQHandler
                0x0000000008005ddc                USART3_IRQHandler
                0x0000000008005ddc                CAN1_RX1_IRQHandler
                0x0000000008005ddc                UART5_IRQHandler
                0x0000000008005ddc                DMA2_Stream0_IRQHandler
                0x0000000008005ddc                I2C1_EV_IRQHandler
                0x0000000008005ddc                DMA1_Stream6_IRQHandler
                0x0000000008005ddc                DMA1_Stream1_IRQHandler
                0x0000000008005ddc                UART4_IRQHandler
                0x0000000008005ddc                RCC_IRQHandler
                0x0000000008005ddc                TIM8_BRK_TIM12_IRQHandler
                0x0000000008005ddc                Default_Handler
                0x0000000008005ddc                EXTI15_10_IRQHandler
                0x0000000008005ddc                ADC_IRQHandler
                0x0000000008005ddc                DMA1_Stream7_IRQHandler
                0x0000000008005ddc                SPI5_IRQHandler
                0x0000000008005ddc                TIM7_IRQHandler
                0x0000000008005ddc                CAN2_TX_IRQHandler
                0x0000000008005ddc                TIM5_IRQHandler
                0x0000000008005ddc                DMA2_Stream7_IRQHandler
                0x0000000008005ddc                I2C3_EV_IRQHandler
                0x0000000008005ddc                RTC_WKUP_IRQHandler
                0x0000000008005ddc                LTDC_IRQHandler
                0x0000000008005ddc                ETH_WKUP_IRQHandler
                0x0000000008005ddc                SPI2_IRQHandler
                0x0000000008005ddc                OTG_HS_EP1_IN_IRQHandler
                0x0000000008005ddc                DMA1_Stream0_IRQHandler
                0x0000000008005ddc                CAN1_TX_IRQHandler
                0x0000000008005ddc                EXTI4_IRQHandler
                0x0000000008005ddc                ETH_IRQHandler
                0x0000000008005ddc                OTG_HS_EP1_OUT_IRQHandler
                0x0000000008005ddc                WWDG_IRQHandler
                0x0000000008005ddc                SPI6_IRQHandler
                0x0000000008005ddc                TIM2_IRQHandler
                0x0000000008005ddc                OTG_FS_WKUP_IRQHandler
                0x0000000008005ddc                TIM1_TRG_COM_TIM11_IRQHandler
                0x0000000008005ddc                OTG_HS_IRQHandler
                0x0000000008005ddc                DMA2D_IRQHandler
                0x0000000008005ddc                EXTI1_IRQHandler
                0x0000000008005ddc                UART7_IRQHandler
                0x0000000008005ddc                USART2_IRQHandler
                0x0000000008005ddc                I2C2_ER_IRQHandler
                0x0000000008005ddc                CAN1_SCE_IRQHandler
                0x0000000008005ddc                FLASH_IRQHandler
                0x0000000008005ddc                USART1_IRQHandler
                0x0000000008005ddc                OTG_FS_IRQHandler
                0x0000000008005ddc                SPI3_IRQHandler
                0x0000000008005ddc                DMA1_Stream4_IRQHandler
                0x0000000008005ddc                I2C1_ER_IRQHandler
                0x0000000008005ddc                FMC_IRQHandler
                0x0000000008005ddc                SAI1_IRQHandler
                0x0000000008005ddc                DMA1_Stream3_IRQHandler
 *fill*         0x0000000008005dde        0x2 
 .text.HAL_Init
                0x0000000008005de0       0x44 ./Drivers/STM32F4xx_HAL_Driver/Src/stm32f4xx_hal.o
                0x0000000008005de0                HAL_Init
 .text.HAL_InitTick
                0x0000000008005e24       0x60 ./Drivers/STM32F4xx_HAL_Driver/Src/stm32f4xx_hal.o
                0x0000000008005e24                HAL_InitTick
 .text.HAL_IncTick
                0x0000000008005e84       0x28 ./Drivers/STM32F4xx_HAL_Driver/Src/stm32f4xx_hal.o
                0x0000000008005e84                HAL_IncTick
 .text.HAL_GetTick
                0x0000000008005eac       0x18 ./Drivers/STM32F4xx_HAL_Driver/Src/stm32f4xx_hal.o
                0x0000000008005eac                HAL_GetTick
 .text.HAL_Delay
                0x0000000008005ec4       0x48 ./Drivers/STM32F4xx_HAL_Driver/Src/stm32f4xx_hal.o
                0x0000000008005ec4                HAL_Delay
 .text.HAL_ADC_Init
                0x0000000008005f0c       0x86 ./Drivers/STM32F4xx_HAL_Driver/Src/stm32f4xx_hal_adc.o
                0x0000000008005f0c                HAL_ADC_Init
 *fill*         0x0000000008005f92        0x2 
 .text.HAL_ADC_Start_DMA
                0x0000000008005f94      0x220 ./Drivers/STM32F4xx_HAL_Driver/Src/stm32f4xx_hal_adc.o
                0x0000000008005f94                HAL_ADC_Start_DMA
 .text.HAL_ADC_ConvCpltCallback
                0x00000000080061b4       0x14 ./Drivers/STM32F4xx_HAL_Driver/Src/stm32f4xx_hal_adc.o
                0x00000000080061b4                HAL_ADC_ConvCpltCallback
 .text.HAL_ADC_ConvHalfCpltCallback
                0x00000000080061c8       0x14 ./Drivers/STM32F4xx_HAL_Driver/Src/stm32f4xx_hal_adc.o
                0x00000000080061c8                HAL_ADC_ConvHalfCpltCallback
 .text.HAL_ADC_ErrorCallback
                0x00000000080061dc       0x14 ./Drivers/STM32F4xx_HAL_Driver/Src/stm32f4xx_hal_adc.o
                0x00000000080061dc                HAL_ADC_ErrorCallback
 .text.HAL_ADC_ConfigChannel
                0x00000000080061f0      0x264 ./Drivers/STM32F4xx_HAL_Driver/Src/stm32f4xx_hal_adc.o
                0x00000000080061f0                HAL_ADC_ConfigChannel
 .text.ADC_Init
                0x0000000008006454      0x1f8 ./Drivers/STM32F4xx_HAL_Driver/Src/stm32f4xx_hal_adc.o
 .text.ADC_DMAConvCplt
                0x000000000800664c       0xba ./Drivers/STM32F4xx_HAL_Driver/Src/stm32f4xx_hal_adc.o
 .text.ADC_DMAHalfConvCplt
                0x0000000008006706       0x1c ./Drivers/STM32F4xx_HAL_Driver/Src/stm32f4xx_hal_adc.o
 .text.ADC_DMAError
                0x0000000008006722       0x2e ./Drivers/STM32F4xx_HAL_Driver/Src/stm32f4xx_hal_adc.o
 .text.__NVIC_SetPriorityGrouping
                0x0000000008006750       0x48 ./Drivers/STM32F4xx_HAL_Driver/Src/stm32f4xx_hal_cortex.o
 .text.__NVIC_GetPriorityGrouping
                0x0000000008006798       0x1c ./Drivers/STM32F4xx_HAL_Driver/Src/stm32f4xx_hal_cortex.o
 .text.__NVIC_EnableIRQ
                0x00000000080067b4       0x3c ./Drivers/STM32F4xx_HAL_Driver/Src/stm32f4xx_hal_cortex.o
 .text.__NVIC_SetPriority
                0x00000000080067f0       0x54 ./Drivers/STM32F4xx_HAL_Driver/Src/stm32f4xx_hal_cortex.o
 .text.NVIC_EncodePriority
                0x0000000008006844       0x66 ./Drivers/STM32F4xx_HAL_Driver/Src/stm32f4xx_hal_cortex.o
 *fill*         0x00000000080068aa        0x2 
 .text.SysTick_Config
                0x00000000080068ac       0x44 ./Drivers/STM32F4xx_HAL_Driver/Src/stm32f4xx_hal_cortex.o
 .text.HAL_NVIC_SetPriorityGrouping
                0x00000000080068f0       0x16 ./Drivers/STM32F4xx_HAL_Driver/Src/stm32f4xx_hal_cortex.o
                0x00000000080068f0                HAL_NVIC_SetPriorityGrouping
 .text.HAL_NVIC_SetPriority
                0x0000000008006906       0x38 ./Drivers/STM32F4xx_HAL_Driver/Src/stm32f4xx_hal_cortex.o
                0x0000000008006906                HAL_NVIC_SetPriority
 .text.HAL_NVIC_EnableIRQ
                0x000000000800693e       0x1c ./Drivers/STM32F4xx_HAL_Driver/Src/stm32f4xx_hal_cortex.o
                0x000000000800693e                HAL_NVIC_EnableIRQ
 .text.HAL_SYSTICK_Config
                0x000000000800695a       0x18 ./Drivers/STM32F4xx_HAL_Driver/Src/stm32f4xx_hal_cortex.o
                0x000000000800695a                HAL_SYSTICK_Config
 *fill*         0x0000000008006972        0x2 
 .text.HAL_DMA_Init
                0x0000000008006974      0x15c ./Drivers/STM32F4xx_HAL_Driver/Src/stm32f4xx_hal_dma.o
                0x0000000008006974                HAL_DMA_Init
 .text.HAL_DMA_Start_IT
                0x0000000008006ad0       0xb0 ./Drivers/STM32F4xx_HAL_Driver/Src/stm32f4xx_hal_dma.o
                0x0000000008006ad0                HAL_DMA_Start_IT
 .text.HAL_DMA_Abort
                0x0000000008006b80       0xe0 ./Drivers/STM32F4xx_HAL_Driver/Src/stm32f4xx_hal_dma.o
                0x0000000008006b80                HAL_DMA_Abort
 .text.HAL_DMA_Abort_IT
                0x0000000008006c60       0x44 ./Drivers/STM32F4xx_HAL_Driver/Src/stm32f4xx_hal_dma.o
                0x0000000008006c60                HAL_DMA_Abort_IT
 .text.HAL_DMA_IRQHandler
                0x0000000008006ca4      0x314 ./Drivers/STM32F4xx_HAL_Driver/Src/stm32f4xx_hal_dma.o
                0x0000000008006ca4                HAL_DMA_IRQHandler
 .text.DMA_SetConfig
                0x0000000008006fb8       0x5c ./Drivers/STM32F4xx_HAL_Driver/Src/stm32f4xx_hal_dma.o
 .text.DMA_CalcBaseAndBitshift
                0x0000000008007014       0x6c ./Drivers/STM32F4xx_HAL_Driver/Src/stm32f4xx_hal_dma.o
 .text.DMA_CheckFifoParam
                0x0000000008007080       0xf8 ./Drivers/STM32F4xx_HAL_Driver/Src/stm32f4xx_hal_dma.o
 .text.HAL_ETH_Init
                0x0000000008007178       0xfc ./Drivers/STM32F4xx_HAL_Driver/Src/stm32f4xx_hal_eth.o
                0x0000000008007178                HAL_ETH_Init
 .text.ETH_SetMACConfig
                0x0000000008007274      0x160 ./Drivers/STM32F4xx_HAL_Driver/Src/stm32f4xx_hal_eth.o
 .text.ETH_SetDMAConfig
                0x00000000080073d4      0x114 ./Drivers/STM32F4xx_HAL_Driver/Src/stm32f4xx_hal_eth.o
 .text.ETH_MACDMAConfig
                0x00000000080074e8       0xe4 ./Drivers/STM32F4xx_HAL_Driver/Src/stm32f4xx_hal_eth.o
 .text.ETH_MACAddressConfig
                0x00000000080075cc       0x70 ./Drivers/STM32F4xx_HAL_Driver/Src/stm32f4xx_hal_eth.o
 .text.ETH_DMATxDescListInit
                0x000000000800763c       0xb2 ./Drivers/STM32F4xx_HAL_Driver/Src/stm32f4xx_hal_eth.o
 .text.ETH_DMARxDescListInit
                0x00000000080076ee       0xda ./Drivers/STM32F4xx_HAL_Driver/Src/stm32f4xx_hal_eth.o
 .text.HAL_GPIO_Init
                0x00000000080077c8      0x358 ./Drivers/STM32F4xx_HAL_Driver/Src/stm32f4xx_hal_gpio.o
                0x00000000080077c8                HAL_GPIO_Init
 .text.HAL_GPIO_ReadPin
                0x0000000008007b20       0x30 ./Drivers/STM32F4xx_HAL_Driver/Src/stm32f4xx_hal_gpio.o
                0x0000000008007b20                HAL_GPIO_ReadPin
 .text.HAL_GPIO_WritePin
                0x0000000008007b50       0x32 ./Drivers/STM32F4xx_HAL_Driver/Src/stm32f4xx_hal_gpio.o
                0x0000000008007b50                HAL_GPIO_WritePin
 *fill*         0x0000000008007b82        0x2 
 .text.HAL_GPIO_EXTI_IRQHandler
                0x0000000008007b84       0x30 ./Drivers/STM32F4xx_HAL_Driver/Src/stm32f4xx_hal_gpio.o
                0x0000000008007b84                HAL_GPIO_EXTI_IRQHandler
 .text.HAL_I2C_Init
                0x0000000008007bb4      0x288 ./Drivers/STM32F4xx_HAL_Driver/Src/stm32f4xx_hal_i2c.o
                0x0000000008007bb4                HAL_I2C_Init
 .text.HAL_I2CEx_ConfigAnalogFilter
                0x0000000008007e3c       0x78 ./Drivers/STM32F4xx_HAL_Driver/Src/stm32f4xx_hal_i2c_ex.o
                0x0000000008007e3c                HAL_I2CEx_ConfigAnalogFilter
 .text.HAL_I2CEx_ConfigDigitalFilter
                0x0000000008007eb4       0x7e ./Drivers/STM32F4xx_HAL_Driver/Src/stm32f4xx_hal_i2c_ex.o
                0x0000000008007eb4                HAL_I2CEx_ConfigDigitalFilter
 .text.HAL_PCD_Init
                0x0000000008007f32      0x23a ./Drivers/STM32F4xx_HAL_Driver/Src/stm32f4xx_hal_pcd.o
                0x0000000008007f32                HAL_PCD_Init
 .text.HAL_RCC_OscConfig
                0x000000000800816c      0x4f0 ./Drivers/STM32F4xx_HAL_Driver/Src/stm32f4xx_hal_rcc.o
                0x000000000800816c                HAL_RCC_OscConfig
 .text.HAL_RCC_ClockConfig
                0x000000000800865c      0x1cc ./Drivers/STM32F4xx_HAL_Driver/Src/stm32f4xx_hal_rcc.o
                0x000000000800865c                HAL_RCC_ClockConfig
 .text.HAL_RCC_GetSysClockFreq
                0x0000000008008828      0x20c ./Drivers/STM32F4xx_HAL_Driver/Src/stm32f4xx_hal_rcc.o
                0x0000000008008828                HAL_RCC_GetSysClockFreq
 .text.HAL_RCC_GetHCLKFreq
                0x0000000008008a34       0x18 ./Drivers/STM32F4xx_HAL_Driver/Src/stm32f4xx_hal_rcc.o
                0x0000000008008a34                HAL_RCC_GetHCLKFreq
 .text.HAL_RCC_GetPCLK1Freq
                0x0000000008008a4c       0x28 ./Drivers/STM32F4xx_HAL_Driver/Src/stm32f4xx_hal_rcc.o
                0x0000000008008a4c                HAL_RCC_GetPCLK1Freq
 .text.HAL_RCC_GetPCLK2Freq
                0x0000000008008a74       0x28 ./Drivers/STM32F4xx_HAL_Driver/Src/stm32f4xx_hal_rcc.o
                0x0000000008008a74                HAL_RCC_GetPCLK2Freq
 .text.HAL_TIM_Base_Init
                0x0000000008008a9c       0x9e ./Drivers/STM32F4xx_HAL_Driver/Src/stm32f4xx_hal_tim.o
                0x0000000008008a9c                HAL_TIM_Base_Init
 .text.HAL_TIM_PWM_Init
                0x0000000008008b3a       0x9e ./Drivers/STM32F4xx_HAL_Driver/Src/stm32f4xx_hal_tim.o
                0x0000000008008b3a                HAL_TIM_PWM_Init
 .text.HAL_TIM_PWM_Start_DMA
                0x0000000008008bd8      0x390 ./Drivers/STM32F4xx_HAL_Driver/Src/stm32f4xx_hal_tim.o
                0x0000000008008bd8                HAL_TIM_PWM_Start_DMA
 .text.HAL_TIM_PWM_Stop_DMA
                0x0000000008008f68      0x1a4 ./Drivers/STM32F4xx_HAL_Driver/Src/stm32f4xx_hal_tim.o
                0x0000000008008f68                HAL_TIM_PWM_Stop_DMA
 .text.HAL_TIM_IC_Init
                0x000000000800910c       0x9e ./Drivers/STM32F4xx_HAL_Driver/Src/stm32f4xx_hal_tim.o
                0x000000000800910c                HAL_TIM_IC_Init
 .text.HAL_TIM_IC_MspInit
                0x00000000080091aa       0x14 ./Drivers/STM32F4xx_HAL_Driver/Src/stm32f4xx_hal_tim.o
                0x00000000080091aa                HAL_TIM_IC_MspInit
 *fill*         0x00000000080091be        0x2 
 .text.HAL_TIM_IC_Start_IT
                0x00000000080091c0      0x250 ./Drivers/STM32F4xx_HAL_Driver/Src/stm32f4xx_hal_tim.o
                0x00000000080091c0                HAL_TIM_IC_Start_IT
 .text.HAL_TIM_IRQHandler
                0x0000000008009410      0x210 ./Drivers/STM32F4xx_HAL_Driver/Src/stm32f4xx_hal_tim.o
                0x0000000008009410                HAL_TIM_IRQHandler
 .text.HAL_TIM_IC_ConfigChannel
                0x0000000008009620      0x138 ./Drivers/STM32F4xx_HAL_Driver/Src/stm32f4xx_hal_tim.o
                0x0000000008009620                HAL_TIM_IC_ConfigChannel
 .text.HAL_TIM_PWM_ConfigChannel
                0x0000000008009758      0x184 ./Drivers/STM32F4xx_HAL_Driver/Src/stm32f4xx_hal_tim.o
                0x0000000008009758                HAL_TIM_PWM_ConfigChannel
 .text.HAL_TIM_ConfigClockSource
                0x00000000080098dc      0x18e ./Drivers/STM32F4xx_HAL_Driver/Src/stm32f4xx_hal_tim.o
                0x00000000080098dc                HAL_TIM_ConfigClockSource
 *fill*         0x0000000008009a6a        0x2 
 .text.HAL_TIM_ReadCapturedValue
                0x0000000008009a6c       0x88 ./Drivers/STM32F4xx_HAL_Driver/Src/stm32f4xx_hal_tim.o
                0x0000000008009a6c                HAL_TIM_ReadCapturedValue
 .text.HAL_TIM_PeriodElapsedCallback
                0x0000000008009af4       0x14 ./Drivers/STM32F4xx_HAL_Driver/Src/stm32f4xx_hal_tim.o
                0x0000000008009af4                HAL_TIM_PeriodElapsedCallback
 .text.HAL_TIM_OC_DelayElapsedCallback
                0x0000000008009b08       0x14 ./Drivers/STM32F4xx_HAL_Driver/Src/stm32f4xx_hal_tim.o
                0x0000000008009b08                HAL_TIM_OC_DelayElapsedCallback
 .text.HAL_TIM_TriggerCallback
                0x0000000008009b1c       0x14 ./Drivers/STM32F4xx_HAL_Driver/Src/stm32f4xx_hal_tim.o
                0x0000000008009b1c                HAL_TIM_TriggerCallback
 .text.HAL_TIM_ErrorCallback
                0x0000000008009b30       0x14 ./Drivers/STM32F4xx_HAL_Driver/Src/stm32f4xx_hal_tim.o
                0x0000000008009b30                HAL_TIM_ErrorCallback
 .text.TIM_DMAError
                0x0000000008009b44       0x92 ./Drivers/STM32F4xx_HAL_Driver/Src/stm32f4xx_hal_tim.o
                0x0000000008009b44                TIM_DMAError
 .text.TIM_DMADelayPulseCplt
                0x0000000008009bd6       0xa8 ./Drivers/STM32F4xx_HAL_Driver/Src/stm32f4xx_hal_tim.o
 .text.TIM_DMADelayPulseHalfCplt
                0x0000000008009c7e       0x68 ./Drivers/STM32F4xx_HAL_Driver/Src/stm32f4xx_hal_tim.o
                0x0000000008009c7e                TIM_DMADelayPulseHalfCplt
 *fill*         0x0000000008009ce6        0x2 
 .text.TIM_Base_SetConfig
                0x0000000008009ce8      0x140 ./Drivers/STM32F4xx_HAL_Driver/Src/stm32f4xx_hal_tim.o
                0x0000000008009ce8                TIM_Base_SetConfig
 .text.TIM_OC1_SetConfig
                0x0000000008009e28       0xe0 ./Drivers/STM32F4xx_HAL_Driver/Src/stm32f4xx_hal_tim.o
 .text.TIM_OC2_SetConfig
                0x0000000008009f08       0xec ./Drivers/STM32F4xx_HAL_Driver/Src/stm32f4xx_hal_tim.o
                0x0000000008009f08                TIM_OC2_SetConfig
 .text.TIM_OC3_SetConfig
                0x0000000008009ff4       0xe8 ./Drivers/STM32F4xx_HAL_Driver/Src/stm32f4xx_hal_tim.o
 .text.TIM_OC4_SetConfig
                0x000000000800a0dc       0xac ./Drivers/STM32F4xx_HAL_Driver/Src/stm32f4xx_hal_tim.o
 .text.TIM_TI1_SetConfig
                0x000000000800a188       0xe8 ./Drivers/STM32F4xx_HAL_Driver/Src/stm32f4xx_hal_tim.o
                0x000000000800a188                TIM_TI1_SetConfig
 .text.TIM_TI1_ConfigInputStage
                0x000000000800a270       0x5e ./Drivers/STM32F4xx_HAL_Driver/Src/stm32f4xx_hal_tim.o
 .text.TIM_TI2_SetConfig
                0x000000000800a2ce       0x7a ./Drivers/STM32F4xx_HAL_Driver/Src/stm32f4xx_hal_tim.o
 .text.TIM_TI2_ConfigInputStage
                0x000000000800a348       0x60 ./Drivers/STM32F4xx_HAL_Driver/Src/stm32f4xx_hal_tim.o
 .text.TIM_TI3_SetConfig
                0x000000000800a3a8       0x78 ./Drivers/STM32F4xx_HAL_Driver/Src/stm32f4xx_hal_tim.o
 .text.TIM_TI4_SetConfig
                0x000000000800a420       0x7a ./Drivers/STM32F4xx_HAL_Driver/Src/stm32f4xx_hal_tim.o
 .text.TIM_ITRx_SetConfig
                0x000000000800a49a       0x36 ./Drivers/STM32F4xx_HAL_Driver/Src/stm32f4xx_hal_tim.o
 .text.TIM_ETR_SetConfig
                0x000000000800a4d0       0x40 ./Drivers/STM32F4xx_HAL_Driver/Src/stm32f4xx_hal_tim.o
                0x000000000800a4d0                TIM_ETR_SetConfig
 .text.TIM_CCxChannelCmd
                0x000000000800a510       0x4a ./Drivers/STM32F4xx_HAL_Driver/Src/stm32f4xx_hal_tim.o
                0x000000000800a510                TIM_CCxChannelCmd
 *fill*         0x000000000800a55a        0x2 
 .text.HAL_TIMEx_MasterConfigSynchronization
                0x000000000800a55c       0xf8 ./Drivers/STM32F4xx_HAL_Driver/Src/stm32f4xx_hal_tim_ex.o
                0x000000000800a55c                HAL_TIMEx_MasterConfigSynchronization
 .text.HAL_TIMEx_ConfigBreakDeadTime
                0x000000000800a654       0xa4 ./Drivers/STM32F4xx_HAL_Driver/Src/stm32f4xx_hal_tim_ex.o
                0x000000000800a654                HAL_TIMEx_ConfigBreakDeadTime
 .text.HAL_TIMEx_CommutCallback
                0x000000000800a6f8       0x14 ./Drivers/STM32F4xx_HAL_Driver/Src/stm32f4xx_hal_tim_ex.o
                0x000000000800a6f8                HAL_TIMEx_CommutCallback
 .text.HAL_TIMEx_BreakCallback
                0x000000000800a70c       0x14 ./Drivers/STM32F4xx_HAL_Driver/Src/stm32f4xx_hal_tim_ex.o
                0x000000000800a70c                HAL_TIMEx_BreakCallback
 .text.HAL_UART_Init
                0x000000000800a720       0x9a ./Drivers/STM32F4xx_HAL_Driver/Src/stm32f4xx_hal_uart.o
                0x000000000800a720                HAL_UART_Init
 *fill*         0x000000000800a7ba        0x2 
 .text.HAL_UART_Transmit_DMA
                0x000000000800a7bc       0xfc ./Drivers/STM32F4xx_HAL_Driver/Src/stm32f4xx_hal_uart.o
                0x000000000800a7bc                HAL_UART_Transmit_DMA
 .text.HAL_UART_Receive_DMA
                0x000000000800a8b8       0x60 ./Drivers/STM32F4xx_HAL_Driver/Src/stm32f4xx_hal_uart.o
                0x000000000800a8b8                HAL_UART_Receive_DMA
 .text.HAL_UART_IRQHandler
                0x000000000800a918      0x51c ./Drivers/STM32F4xx_HAL_Driver/Src/stm32f4xx_hal_uart.o
                0x000000000800a918                HAL_UART_IRQHandler
 .text.HAL_UART_TxHalfCpltCallback
                0x000000000800ae34       0x14 ./Drivers/STM32F4xx_HAL_Driver/Src/stm32f4xx_hal_uart.o
                0x000000000800ae34                HAL_UART_TxHalfCpltCallback
 .text.HAL_UART_RxHalfCpltCallback
                0x000000000800ae48       0x14 ./Drivers/STM32F4xx_HAL_Driver/Src/stm32f4xx_hal_uart.o
                0x000000000800ae48                HAL_UART_RxHalfCpltCallback
 .text.HAL_UART_ErrorCallback
                0x000000000800ae5c       0x14 ./Drivers/STM32F4xx_HAL_Driver/Src/stm32f4xx_hal_uart.o
                0x000000000800ae5c                HAL_UART_ErrorCallback
 .text.HAL_UARTEx_RxEventCallback
                0x000000000800ae70       0x18 ./Drivers/STM32F4xx_HAL_Driver/Src/stm32f4xx_hal_uart.o
                0x000000000800ae70                HAL_UARTEx_RxEventCallback
 .text.UART_DMATransmitCplt
                0x000000000800ae88       0x9a ./Drivers/STM32F4xx_HAL_Driver/Src/stm32f4xx_hal_uart.o
 .text.UART_DMATxHalfCplt
                0x000000000800af22       0x1c ./Drivers/STM32F4xx_HAL_Driver/Src/stm32f4xx_hal_uart.o
 .text.UART_DMAReceiveCplt
                0x000000000800af3e      0x126 ./Drivers/STM32F4xx_HAL_Driver/Src/stm32f4xx_hal_uart.o
 .text.UART_DMARxHalfCplt
                0x000000000800b064       0x36 ./Drivers/STM32F4xx_HAL_Driver/Src/stm32f4xx_hal_uart.o
 .text.UART_DMAError
                0x000000000800b09a       0x94 ./Drivers/STM32F4xx_HAL_Driver/Src/stm32f4xx_hal_uart.o
 *fill*         0x000000000800b12e        0x2 
 .text.UART_Start_Receive_DMA
                0x000000000800b130      0x13c ./Drivers/STM32F4xx_HAL_Driver/Src/stm32f4xx_hal_uart.o
                0x000000000800b130                UART_Start_Receive_DMA
 .text.UART_EndTxTransfer
                0x000000000800b26c       0x50 ./Drivers/STM32F4xx_HAL_Driver/Src/stm32f4xx_hal_uart.o
 .text.UART_EndRxTransfer
                0x000000000800b2bc       0xc6 ./Drivers/STM32F4xx_HAL_Driver/Src/stm32f4xx_hal_uart.o
 .text.UART_DMAAbortOnError
                0x000000000800b382       0x28 ./Drivers/STM32F4xx_HAL_Driver/Src/stm32f4xx_hal_uart.o
 .text.UART_Transmit_IT
                0x000000000800b3aa       0xa0 ./Drivers/STM32F4xx_HAL_Driver/Src/stm32f4xx_hal_uart.o
 .text.UART_EndTransmit_IT
                0x000000000800b44a       0x30 ./Drivers/STM32F4xx_HAL_Driver/Src/stm32f4xx_hal_uart.o
 .text.UART_Receive_IT
                0x000000000800b47a      0x176 ./Drivers/STM32F4xx_HAL_Driver/Src/stm32f4xx_hal_uart.o
 .text.UART_SetConfig
                0x000000000800b5f0      0x4e8 ./Drivers/STM32F4xx_HAL_Driver/Src/stm32f4xx_hal_uart.o
 .text.USB_CoreInit
                0x000000000800bad8       0xc2 ./Drivers/STM32F4xx_HAL_Driver/Src/stm32f4xx_ll_usb.o
                0x000000000800bad8                USB_CoreInit
 .text.USB_DisableGlobalInt
                0x000000000800bb9a       0x22 ./Drivers/STM32F4xx_HAL_Driver/Src/stm32f4xx_ll_usb.o
                0x000000000800bb9a                USB_DisableGlobalInt
 .text.USB_SetCurrentMode
                0x000000000800bbbc       0x98 ./Drivers/STM32F4xx_HAL_Driver/Src/stm32f4xx_ll_usb.o
                0x000000000800bbbc                USB_SetCurrentMode
 .text.USB_DevInit
                0x000000000800bc54      0x2c8 ./Drivers/STM32F4xx_HAL_Driver/Src/stm32f4xx_ll_usb.o
                0x000000000800bc54                USB_DevInit
 .text.USB_FlushTxFifo
                0x000000000800bf1c       0x68 ./Drivers/STM32F4xx_HAL_Driver/Src/stm32f4xx_ll_usb.o
                0x000000000800bf1c                USB_FlushTxFifo
 .text.USB_FlushRxFifo
                0x000000000800bf84       0x60 ./Drivers/STM32F4xx_HAL_Driver/Src/stm32f4xx_ll_usb.o
                0x000000000800bf84                USB_FlushRxFifo
 .text.USB_SetDevSpeed
                0x000000000800bfe4       0x32 ./Drivers/STM32F4xx_HAL_Driver/Src/stm32f4xx_ll_usb.o
                0x000000000800bfe4                USB_SetDevSpeed
 .text.USB_DevDisconnect
                0x000000000800c016       0x42 ./Drivers/STM32F4xx_HAL_Driver/Src/stm32f4xx_ll_usb.o
                0x000000000800c016                USB_DevDisconnect
 .text.USB_GetMode
                0x000000000800c058       0x1c ./Drivers/STM32F4xx_HAL_Driver/Src/stm32f4xx_ll_usb.o
                0x000000000800c058                USB_GetMode
 .text.USB_CoreReset
                0x000000000800c074       0x68 ./Drivers/STM32F4xx_HAL_Driver/Src/stm32f4xx_ll_usb.o
 .text.__cxa_pure_virtual
                0x000000000800c0dc        0x6 c:/st/stm32cubeide_1.10.1/stm32cubeide/plugins/com.st.stm32cube.ide.mcu.externaltools.gnu-tools-for-stm32.10.3-2021.10.win32_1.0.0.202111181127/tools/bin/../lib/gcc/arm-none-eabi/10.3.1/../../../../arm-none-eabi/lib/thumb/v7e-m+fp/hard\libstdc++_nano.a(pure.o)
                0x000000000800c0dc                __cxa_pure_virtual
 .text._ZN10__cxxabiv111__terminateEPFvvE
                0x000000000800c0e2        0x8 c:/st/stm32cubeide_1.10.1/stm32cubeide/plugins/com.st.stm32cube.ide.mcu.externaltools.gnu-tools-for-stm32.10.3-2021.10.win32_1.0.0.202111181127/tools/bin/../lib/gcc/arm-none-eabi/10.3.1/../../../../arm-none-eabi/lib/thumb/v7e-m+fp/hard\libstdc++_nano.a(eh_terminate.o)
                0x000000000800c0e2                __cxxabiv1::__terminate(void (*)())
 *fill*         0x000000000800c0ea        0x2 
 .text._ZSt13get_terminatev
                0x000000000800c0ec       0x10 c:/st/stm32cubeide_1.10.1/stm32cubeide/plugins/com.st.stm32cube.ide.mcu.externaltools.gnu-tools-for-stm32.10.3-2021.10.win32_1.0.0.202111181127/tools/bin/../lib/gcc/arm-none-eabi/10.3.1/../../../../arm-none-eabi/lib/thumb/v7e-m+fp/hard\libstdc++_nano.a(eh_terminate.o)
                0x000000000800c0ec                std::get_terminate()
 .text._ZSt9terminatev
                0x000000000800c0fc        0xa c:/st/stm32cubeide_1.10.1/stm32cubeide/plugins/com.st.stm32cube.ide.mcu.externaltools.gnu-tools-for-stm32.10.3-2021.10.win32_1.0.0.202111181127/tools/bin/../lib/gcc/arm-none-eabi/10.3.1/../../../../arm-none-eabi/lib/thumb/v7e-m+fp/hard\libstdc++_nano.a(eh_terminate.o)
                0x000000000800c0fc                std::terminate()
 *fill*         0x000000000800c106        0x2 
 .text.sinf     0x000000000800c108       0x8c c:/st/stm32cubeide_1.10.1/stm32cubeide/plugins/com.st.stm32cube.ide.mcu.externaltools.gnu-tools-for-stm32.10.3-2021.10.win32_1.0.0.202111181127/tools/bin/../lib/gcc/arm-none-eabi/10.3.1/../../../../arm-none-eabi/lib/thumb/v7e-m+fp/hard\libm.a(lib_a-sf_sin.o)
                0x000000000800c108                sinf
 .text.__ieee754_rem_pio2f
                0x000000000800c194      0x278 c:/st/stm32cubeide_1.10.1/stm32cubeide/plugins/com.st.stm32cube.ide.mcu.externaltools.gnu-tools-for-stm32.10.3-2021.10.win32_1.0.0.202111181127/tools/bin/../lib/gcc/arm-none-eabi/10.3.1/../../../../arm-none-eabi/lib/thumb/v7e-m+fp/hard\libm.a(lib_a-ef_rem_pio2.o)
                0x000000000800c194                __ieee754_rem_pio2f
 .text.__kernel_cosf
                0x000000000800c40c       0xc0 c:/st/stm32cubeide_1.10.1/stm32cubeide/plugins/com.st.stm32cube.ide.mcu.externaltools.gnu-tools-for-stm32.10.3-2021.10.win32_1.0.0.202111181127/tools/bin/../lib/gcc/arm-none-eabi/10.3.1/../../../../arm-none-eabi/lib/thumb/v7e-m+fp/hard\libm.a(lib_a-kf_cos.o)
                0x000000000800c40c                __kernel_cosf
 .text.__kernel_rem_pio2f
                0x000000000800c4cc      0x4ec c:/st/stm32cubeide_1.10.1/stm32cubeide/plugins/com.st.stm32cube.ide.mcu.externaltools.gnu-tools-for-stm32.10.3-2021.10.win32_1.0.0.202111181127/tools/bin/../lib/gcc/arm-none-eabi/10.3.1/../../../../arm-none-eabi/lib/thumb/v7e-m+fp/hard\libm.a(lib_a-kf_rem_pio2.o)
                0x000000000800c4cc                __kernel_rem_pio2f
 .text.__kernel_sinf
                0x000000000800c9b8       0x90 c:/st/stm32cubeide_1.10.1/stm32cubeide/plugins/com.st.stm32cube.ide.mcu.externaltools.gnu-tools-for-stm32.10.3-2021.10.win32_1.0.0.202111181127/tools/bin/../lib/gcc/arm-none-eabi/10.3.1/../../../../arm-none-eabi/lib/thumb/v7e-m+fp/hard\libm.a(lib_a-kf_sin.o)
                0x000000000800c9b8                __kernel_sinf
 .text.fabsf    0x000000000800ca48        0xe c:/st/stm32cubeide_1.10.1/stm32cubeide/plugins/com.st.stm32cube.ide.mcu.externaltools.gnu-tools-for-stm32.10.3-2021.10.win32_1.0.0.202111181127/tools/bin/../lib/gcc/arm-none-eabi/10.3.1/../../../../arm-none-eabi/lib/thumb/v7e-m+fp/hard\libm.a(lib_a-sf_fabs.o)
                0x000000000800ca48                fabsf
 *fill*         0x000000000800ca56        0x2 
 .text.floorf   0x000000000800ca58       0x84 c:/st/stm32cubeide_1.10.1/stm32cubeide/plugins/com.st.stm32cube.ide.mcu.externaltools.gnu-tools-for-stm32.10.3-2021.10.win32_1.0.0.202111181127/tools/bin/../lib/gcc/arm-none-eabi/10.3.1/../../../../arm-none-eabi/lib/thumb/v7e-m+fp/hard\libm.a(lib_a-sf_floor.o)
                0x000000000800ca58                floorf
 .text.scalbnf  0x000000000800cadc       0xe4 c:/st/stm32cubeide_1.10.1/stm32cubeide/plugins/com.st.stm32cube.ide.mcu.externaltools.gnu-tools-for-stm32.10.3-2021.10.win32_1.0.0.202111181127/tools/bin/../lib/gcc/arm-none-eabi/10.3.1/../../../../arm-none-eabi/lib/thumb/v7e-m+fp/hard\libm.a(lib_a-sf_scalbn.o)
                0x000000000800cadc                scalbnf
 .text.abort    0x000000000800cbc0        0xe c:/st/stm32cubeide_1.10.1/stm32cubeide/plugins/com.st.stm32cube.ide.mcu.externaltools.gnu-tools-for-stm32.10.3-2021.10.win32_1.0.0.202111181127/tools/bin/../lib/gcc/arm-none-eabi/10.3.1/../../../../arm-none-eabi/lib/thumb/v7e-m+fp/hard\libc_nano.a(lib_a-abort.o)
                0x000000000800cbc0                abort
 *fill*         0x000000000800cbce        0x2 
 .text.__errno  0x000000000800cbd0        0xc c:/st/stm32cubeide_1.10.1/stm32cubeide/plugins/com.st.stm32cube.ide.mcu.externaltools.gnu-tools-for-stm32.10.3-2021.10.win32_1.0.0.202111181127/tools/bin/../lib/gcc/arm-none-eabi/10.3.1/../../../../arm-none-eabi/lib/thumb/v7e-m+fp/hard\libc_nano.a(lib_a-errno.o)
                0x000000000800cbd0                __errno
 .text.__libc_init_array
                0x000000000800cbdc       0x48 c:/st/stm32cubeide_1.10.1/stm32cubeide/plugins/com.st.stm32cube.ide.mcu.externaltools.gnu-tools-for-stm32.10.3-2021.10.win32_1.0.0.202111181127/tools/bin/../lib/gcc/arm-none-eabi/10.3.1/../../../../arm-none-eabi/lib/thumb/v7e-m+fp/hard\libc_nano.a(lib_a-init.o)
                0x000000000800cbdc                __libc_init_array
 .text.memcpy   0x000000000800cc24       0x1c c:/st/stm32cubeide_1.10.1/stm32cubeide/plugins/com.st.stm32cube.ide.mcu.externaltools.gnu-tools-for-stm32.10.3-2021.10.win32_1.0.0.202111181127/tools/bin/../lib/gcc/arm-none-eabi/10.3.1/../../../../arm-none-eabi/lib/thumb/v7e-m+fp/hard\libc_nano.a(lib_a-memcpy-stub.o)
                0x000000000800cc24                memcpy
 .text.memset   0x000000000800cc40       0x10 c:/st/stm32cubeide_1.10.1/stm32cubeide/plugins/com.st.stm32cube.ide.mcu.externaltools.gnu-tools-for-stm32.10.3-2021.10.win32_1.0.0.202111181127/tools/bin/../lib/gcc/arm-none-eabi/10.3.1/../../../../arm-none-eabi/lib/thumb/v7e-m+fp/hard\libc_nano.a(lib_a-memset.o)
                0x000000000800cc40                memset
 .text.realloc  0x000000000800cc50       0x10 c:/st/stm32cubeide_1.10.1/stm32cubeide/plugins/com.st.stm32cube.ide.mcu.externaltools.gnu-tools-for-stm32.10.3-2021.10.win32_1.0.0.202111181127/tools/bin/../lib/gcc/arm-none-eabi/10.3.1/../../../../arm-none-eabi/lib/thumb/v7e-m+fp/hard\libc_nano.a(lib_a-realloc.o)
                0x000000000800cc50                realloc
 .text._raise_r
                0x000000000800cc60       0x50 c:/st/stm32cubeide_1.10.1/stm32cubeide/plugins/com.st.stm32cube.ide.mcu.externaltools.gnu-tools-for-stm32.10.3-2021.10.win32_1.0.0.202111181127/tools/bin/../lib/gcc/arm-none-eabi/10.3.1/../../../../arm-none-eabi/lib/thumb/v7e-m+fp/hard\libc_nano.a(lib_a-signal.o)
                0x000000000800cc60                _raise_r
 .text.raise    0x000000000800ccb0       0x10 c:/st/stm32cubeide_1.10.1/stm32cubeide/plugins/com.st.stm32cube.ide.mcu.externaltools.gnu-tools-for-stm32.10.3-2021.10.win32_1.0.0.202111181127/tools/bin/../lib/gcc/arm-none-eabi/10.3.1/../../../../arm-none-eabi/lib/thumb/v7e-m+fp/hard\libc_nano.a(lib_a-signal.o)
                0x000000000800ccb0                raise
 .text._kill_r  0x000000000800ccc0       0x24 c:/st/stm32cubeide_1.10.1/stm32cubeide/plugins/com.st.stm32cube.ide.mcu.externaltools.gnu-tools-for-stm32.10.3-2021.10.win32_1.0.0.202111181127/tools/bin/../lib/gcc/arm-none-eabi/10.3.1/../../../../arm-none-eabi/lib/thumb/v7e-m+fp/hard\libc_nano.a(lib_a-signalr.o)
                0x000000000800ccc0                _kill_r
 .text._getpid_r
                0x000000000800cce4        0x4 c:/st/stm32cubeide_1.10.1/stm32cubeide/plugins/com.st.stm32cube.ide.mcu.externaltools.gnu-tools-for-stm32.10.3-2021.10.win32_1.0.0.202111181127/tools/bin/../lib/gcc/arm-none-eabi/10.3.1/../../../../arm-none-eabi/lib/thumb/v7e-m+fp/hard\libc_nano.a(lib_a-signalr.o)
                0x000000000800cce4                _getpid_r
 .text.sbrk_aligned
                0x000000000800cce8       0x40 c:/st/stm32cubeide_1.10.1/stm32cubeide/plugins/com.st.stm32cube.ide.mcu.externaltools.gnu-tools-for-stm32.10.3-2021.10.win32_1.0.0.202111181127/tools/bin/../lib/gcc/arm-none-eabi/10.3.1/../../../../arm-none-eabi/lib/thumb/v7e-m+fp/hard\libc_nano.a(lib_a-nano-mallocr.o)
 .text._malloc_r
                0x000000000800cd28       0xe8 c:/st/stm32cubeide_1.10.1/stm32cubeide/plugins/com.st.stm32cube.ide.mcu.externaltools.gnu-tools-for-stm32.10.3-2021.10.win32_1.0.0.202111181127/tools/bin/../lib/gcc/arm-none-eabi/10.3.1/../../../../arm-none-eabi/lib/thumb/v7e-m+fp/hard\libc_nano.a(lib_a-nano-mallocr.o)
                0x000000000800cd28                _malloc_r
 .text._realloc_r
                0x000000000800ce10       0x5e c:/st/stm32cubeide_1.10.1/stm32cubeide/plugins/com.st.stm32cube.ide.mcu.externaltools.gnu-tools-for-stm32.10.3-2021.10.win32_1.0.0.202111181127/tools/bin/../lib/gcc/arm-none-eabi/10.3.1/../../../../arm-none-eabi/lib/thumb/v7e-m+fp/hard\libc_nano.a(lib_a-nano-reallocr.o)
                0x000000000800ce10                _realloc_r
 *fill*         0x000000000800ce6e        0x2 
 .text._sbrk_r  0x000000000800ce70       0x20 c:/st/stm32cubeide_1.10.1/stm32cubeide/plugins/com.st.stm32cube.ide.mcu.externaltools.gnu-tools-for-stm32.10.3-2021.10.win32_1.0.0.202111181127/tools/bin/../lib/gcc/arm-none-eabi/10.3.1/../../../../arm-none-eabi/lib/thumb/v7e-m+fp/hard\libc_nano.a(lib_a-sbrkr.o)
                0x000000000800ce70                _sbrk_r
 .text.__malloc_lock
                0x000000000800ce90        0xc c:/st/stm32cubeide_1.10.1/stm32cubeide/plugins/com.st.stm32cube.ide.mcu.externaltools.gnu-tools-for-stm32.10.3-2021.10.win32_1.0.0.202111181127/tools/bin/../lib/gcc/arm-none-eabi/10.3.1/../../../../arm-none-eabi/lib/thumb/v7e-m+fp/hard\libc_nano.a(lib_a-mlock.o)
                0x000000000800ce90                __malloc_lock
 .text.__malloc_unlock
                0x000000000800ce9c        0xc c:/st/stm32cubeide_1.10.1/stm32cubeide/plugins/com.st.stm32cube.ide.mcu.externaltools.gnu-tools-for-stm32.10.3-2021.10.win32_1.0.0.202111181127/tools/bin/../lib/gcc/arm-none-eabi/10.3.1/../../../../arm-none-eabi/lib/thumb/v7e-m+fp/hard\libc_nano.a(lib_a-mlock.o)
                0x000000000800ce9c                __malloc_unlock
 .text._free_r  0x000000000800cea8       0x98 c:/st/stm32cubeide_1.10.1/stm32cubeide/plugins/com.st.stm32cube.ide.mcu.externaltools.gnu-tools-for-stm32.10.3-2021.10.win32_1.0.0.202111181127/tools/bin/../lib/gcc/arm-none-eabi/10.3.1/../../../../arm-none-eabi/lib/thumb/v7e-m+fp/hard\libc_nano.a(lib_a-nano-freer.o)
                0x000000000800cea8                _free_r
 .text._malloc_usable_size_r
                0x000000000800cf40       0x10 c:/st/stm32cubeide_1.10.1/stm32cubeide/plugins/com.st.stm32cube.ide.mcu.externaltools.gnu-tools-for-stm32.10.3-2021.10.win32_1.0.0.202111181127/tools/bin/../lib/gcc/arm-none-eabi/10.3.1/../../../../arm-none-eabi/lib/thumb/v7e-m+fp/hard\libc_nano.a(lib_a-nano-msizer.o)
                0x000000000800cf40                _malloc_usable_size_r
 .text.__retarget_lock_acquire_recursive
                0x000000000800cf50        0x2 c:/st/stm32cubeide_1.10.1/stm32cubeide/plugins/com.st.stm32cube.ide.mcu.externaltools.gnu-tools-for-stm32.10.3-2021.10.win32_1.0.0.202111181127/tools/bin/../lib/gcc/arm-none-eabi/10.3.1/../../../../arm-none-eabi/lib/thumb/v7e-m+fp/hard\libc_nano.a(lib_a-lock.o)
                0x000000000800cf50                __retarget_lock_acquire_recursive
 .text.__retarget_lock_release_recursive
                0x000000000800cf52        0x2 c:/st/stm32cubeide_1.10.1/stm32cubeide/plugins/com.st.stm32cube.ide.mcu.externaltools.gnu-tools-for-stm32.10.3-2021.10.win32_1.0.0.202111181127/tools/bin/../lib/gcc/arm-none-eabi/10.3.1/../../../../arm-none-eabi/lib/thumb/v7e-m+fp/hard\libc_nano.a(lib_a-lock.o)
                0x000000000800cf52                __retarget_lock_release_recursive
 *(.glue_7)
 .glue_7        0x000000000800cf54        0x0 linker stubs
 *(.glue_7t)
 .glue_7t       0x000000000800cf54        0x0 linker stubs
 *(.eh_frame)
 .eh_frame      0x000000000800cf54        0x0 c:/st/stm32cubeide_1.10.1/stm32cubeide/plugins/com.st.stm32cube.ide.mcu.externaltools.gnu-tools-for-stm32.10.3-2021.10.win32_1.0.0.202111181127/tools/bin/../lib/gcc/arm-none-eabi/10.3.1/thumb/v7e-m+fp/hard/crtbegin.o
 *(.init)
 .init          0x000000000800cf54        0x4 c:/st/stm32cubeide_1.10.1/stm32cubeide/plugins/com.st.stm32cube.ide.mcu.externaltools.gnu-tools-for-stm32.10.3-2021.10.win32_1.0.0.202111181127/tools/bin/../lib/gcc/arm-none-eabi/10.3.1/thumb/v7e-m+fp/hard/crti.o
                0x000000000800cf54                _init
 .init          0x000000000800cf58        0x8 c:/st/stm32cubeide_1.10.1/stm32cubeide/plugins/com.st.stm32cube.ide.mcu.externaltools.gnu-tools-for-stm32.10.3-2021.10.win32_1.0.0.202111181127/tools/bin/../lib/gcc/arm-none-eabi/10.3.1/thumb/v7e-m+fp/hard/crtn.o
 *(.fini)
 .fini          0x000000000800cf60        0x4 c:/st/stm32cubeide_1.10.1/stm32cubeide/plugins/com.st.stm32cube.ide.mcu.externaltools.gnu-tools-for-stm32.10.3-2021.10.win32_1.0.0.202111181127/tools/bin/../lib/gcc/arm-none-eabi/10.3.1/thumb/v7e-m+fp/hard/crti.o
                0x000000000800cf60                _fini
 .fini          0x000000000800cf64        0x8 c:/st/stm32cubeide_1.10.1/stm32cubeide/plugins/com.st.stm32cube.ide.mcu.externaltools.gnu-tools-for-stm32.10.3-2021.10.win32_1.0.0.202111181127/tools/bin/../lib/gcc/arm-none-eabi/10.3.1/thumb/v7e-m+fp/hard/crtn.o
                0x000000000800cf6c                . = ALIGN (0x4)
                0x000000000800cf6c                _etext = .

.vfp11_veneer   0x000000000800cf6c        0x0
 .vfp11_veneer  0x000000000800cf6c        0x0 linker stubs

.v4_bx          0x000000000800cf6c        0x0
 .v4_bx         0x000000000800cf6c        0x0 linker stubs

.iplt           0x000000000800cf6c        0x0
 .iplt          0x000000000800cf6c        0x0 c:/st/stm32cubeide_1.10.1/stm32cubeide/plugins/com.st.stm32cube.ide.mcu.externaltools.gnu-tools-for-stm32.10.3-2021.10.win32_1.0.0.202111181127/tools/bin/../lib/gcc/arm-none-eabi/10.3.1/thumb/v7e-m+fp/hard/crtbegin.o

.rodata         0x000000000800cf6c      0x874
                0x000000000800cf6c                . = ALIGN (0x4)
 *(.rodata)
 .rodata        0x000000000800cf6c      0x2ee ./Core/Src/mainpp.o
 *(.rodata*)
 *fill*         0x000000000800d25a        0x2 
 .rodata._ZN14rosserial_msgsL12REQUESTPARAME
                0x000000000800d25c       0x1c ./Core/Src/mainpp.o
 .rodata._ZTVN3ros10SubscriberIN13freeway_joyfw10stm_am_msgEvEE
                0x000000000800d278       0x18 ./Core/Src/mainpp.o
                0x000000000800d278                vtable for ros::Subscriber<freeway_joyfw::stm_am_msg, void>
 .rodata._ZTVN3ros11NodeHandle_I13STM32HardwareLi25ELi25ELi1024ELi1024EEE
                0x000000000800d290       0x14 ./Core/Src/mainpp.o
                0x000000000800d290                vtable for ros::NodeHandle_<STM32Hardware, 25, 25, 1024, 1024>
 .rodata._ZTVN13freeway_joyfw16stm_fw_sonar_msgE
                0x000000000800d2a4       0x18 ./Core/Src/mainpp.o
                0x000000000800d2a4                vtable for freeway_joyfw::stm_fw_sonar_msg
 .rodata._ZTVN11sensor_msgs5RangeE
                0x000000000800d2bc       0x18 ./Core/Src/mainpp.o
                0x000000000800d2bc                vtable for sensor_msgs::Range
 .rodata._ZTVN8std_msgs6HeaderE
                0x000000000800d2d4       0x18 ./Core/Src/mainpp.o
                0x000000000800d2d4                vtable for std_msgs::Header
 .rodata._ZTVN13freeway_joyfw10stm_am_msgE
                0x000000000800d2ec       0x18 ./Core/Src/mainpp.o
                0x000000000800d2ec                vtable for freeway_joyfw::stm_am_msg
 .rodata._ZTVN13freeway_joyfw10stm_fw_msgE
                0x000000000800d304       0x18 ./Core/Src/mainpp.o
                0x000000000800d304                vtable for freeway_joyfw::stm_fw_msg
 .rodata._ZTVN13geometry_msgs5TwistE
                0x000000000800d31c       0x18 ./Core/Src/mainpp.o
                0x000000000800d31c                vtable for geometry_msgs::Twist
 .rodata._ZTVN13geometry_msgs7Vector3E
                0x000000000800d334       0x18 ./Core/Src/mainpp.o
                0x000000000800d334                vtable for geometry_msgs::Vector3
 .rodata._ZTVN3ros11Subscriber_E
                0x000000000800d34c       0x18 ./Core/Src/mainpp.o
                0x000000000800d34c                vtable for ros::Subscriber_
 .rodata._ZTVN3ros15NodeHandleBase_E
                0x000000000800d364       0x14 ./Core/Src/mainpp.o
                0x000000000800d364                vtable for ros::NodeHandleBase_
 .rodata._ZTVN14rosserial_msgs20RequestParamResponseE
                0x000000000800d378       0x18 ./Core/Src/mainpp.o
                0x000000000800d378                vtable for rosserial_msgs::RequestParamResponse
 .rodata._ZTVN14rosserial_msgs3LogE
                0x000000000800d390       0x18 ./Core/Src/mainpp.o
                0x000000000800d390                vtable for rosserial_msgs::Log
 .rodata._ZTVN14rosserial_msgs9TopicInfoE
                0x000000000800d3a8       0x18 ./Core/Src/mainpp.o
                0x000000000800d3a8                vtable for rosserial_msgs::TopicInfo
 .rodata._ZTVN8std_msgs4TimeE
                0x000000000800d3c0       0x18 ./Core/Src/mainpp.o
                0x000000000800d3c0                vtable for std_msgs::Time
 .rodata._ZTVN3ros3MsgE
                0x000000000800d3d8       0x18 ./Core/Src/mainpp.o
                0x000000000800d3d8                vtable for ros::Msg
 .rodata.AHBPrescTable
                0x000000000800d3f0       0x10 ./Core/Src/system_stm32f4xx.o
                0x000000000800d3f0                AHBPrescTable
 .rodata.APBPrescTable
                0x000000000800d400        0x8 ./Core/Src/system_stm32f4xx.o
                0x000000000800d400                APBPrescTable
 .rodata.flagBitshiftOffset.0
                0x000000000800d408        0x8 ./Drivers/STM32F4xx_HAL_Driver/Src/stm32f4xx_hal_dma.o
 .rodata.npio2_hw
                0x000000000800d410       0x80 c:/st/stm32cubeide_1.10.1/stm32cubeide/plugins/com.st.stm32cube.ide.mcu.externaltools.gnu-tools-for-stm32.10.3-2021.10.win32_1.0.0.202111181127/tools/bin/../lib/gcc/arm-none-eabi/10.3.1/../../../../arm-none-eabi/lib/thumb/v7e-m+fp/hard\libm.a(lib_a-ef_rem_pio2.o)
 .rodata.two_over_pi
                0x000000000800d490      0x318 c:/st/stm32cubeide_1.10.1/stm32cubeide/plugins/com.st.stm32cube.ide.mcu.externaltools.gnu-tools-for-stm32.10.3-2021.10.win32_1.0.0.202111181127/tools/bin/../lib/gcc/arm-none-eabi/10.3.1/../../../../arm-none-eabi/lib/thumb/v7e-m+fp/hard\libm.a(lib_a-ef_rem_pio2.o)
 .rodata.PIo2   0x000000000800d7a8       0x2c c:/st/stm32cubeide_1.10.1/stm32cubeide/plugins/com.st.stm32cube.ide.mcu.externaltools.gnu-tools-for-stm32.10.3-2021.10.win32_1.0.0.202111181127/tools/bin/../lib/gcc/arm-none-eabi/10.3.1/../../../../arm-none-eabi/lib/thumb/v7e-m+fp/hard\libm.a(lib_a-kf_rem_pio2.o)
 .rodata.init_jk
                0x000000000800d7d4        0xc c:/st/stm32cubeide_1.10.1/stm32cubeide/plugins/com.st.stm32cube.ide.mcu.externaltools.gnu-tools-for-stm32.10.3-2021.10.win32_1.0.0.202111181127/tools/bin/../lib/gcc/arm-none-eabi/10.3.1/../../../../arm-none-eabi/lib/thumb/v7e-m+fp/hard\libm.a(lib_a-kf_rem_pio2.o)
                0x000000000800d7e0                . = ALIGN (0x4)

.ARM.extab      0x000000000800d7e0        0x0
                0x000000000800d7e0                . = ALIGN (0x4)
 *(.ARM.extab* .gnu.linkonce.armextab.*)
                0x000000000800d7e0                . = ALIGN (0x4)

.ARM            0x000000000800d7e0        0x8
                0x000000000800d7e0                . = ALIGN (0x4)
                0x000000000800d7e0                __exidx_start = .
 *(.ARM.exidx*)
 .ARM.exidx     0x000000000800d7e0        0x8 c:/st/stm32cubeide_1.10.1/stm32cubeide/plugins/com.st.stm32cube.ide.mcu.externaltools.gnu-tools-for-stm32.10.3-2021.10.win32_1.0.0.202111181127/tools/bin/../lib/gcc/arm-none-eabi/10.3.1/thumb/v7e-m+fp/hard\libgcc.a(_udivmoddi4.o)
                0x000000000800d7e8                __exidx_end = .
                0x000000000800d7e8                . = ALIGN (0x4)

.rel.dyn        0x000000000800d7e8        0x0