../Core/Src/main.c:107:6:HAL_TIM_IC_CaptureCallback	16	static
../Core/Src/main.c:187:6:delay_r	16	static
../Core/Src/main.c:193:6:delay_l	16	static
../Core/Src/main.c:199:6:HCSR04_Read_r	8	static
../Core/Src/main.c:207:6:HCSR04_Read_l	8	static
../Core/Src/main.c:216:8:kalman	24	static
../Core/Src/main.c:229:8:complementary_r	16	static
../Core/Src/main.c:252:8:complementary_l	16	static
../Core/Src/main.c:281:5:main	40	static
../Core/Src/main.c:395:6:SystemClock_Config	88	static
../Core/Src/main.c:441:13:MX_ADC1_Init	24	static
../Core/Src/main.c:502:13:MX_ETH_Init	8	static
../Core/Src/main.c:551:13:MX_I2C1_Init	8	static
../Core/Src/main.c:599:13:MX_TIM1_Init	80	static
../Core/Src/main.c:664:13:MX_TIM3_Init	48	static
../Core/Src/main.c:722:13:MX_TIM4_Init	48	static
../Core/Src/main.c:780:13:MX_USART3_UART_Init	8	static
../Core/Src/main.c:813:13:MX_USART6_UART_Init	8	static
../Core/Src/main.c:846:13:MX_USB_OTG_FS_PCD_Init	8	static
../Core/Src/main.c:879:13:MX_DMA_Init	16	static
../Core/Src/main.c:906:13:MX_GPIO_Init	56	static
../Core/Src/main.c:991:6:Error_Handler	4	static,ignoring_inline_asm
