../Core/Src/main.c:107:6:HAL_TIM_IC_CaptureCallback	16	static
../Core/Src/main.c:187:6:delay_r	16	static
../Core/Src/main.c:193:6:delay_l	16	static
../Core/Src/main.c:199:6:HCSR04_Read_r	8	static
../Core/Src/main.c:207:6:HCSR04_Read_l	8	static
../Core/Src/main.c:216:8:kalman	24	static
../Core/Src/main.c:229:8:complementary_r	16	static
../Core/Src/main.c:252:8:complementary_l	16	static
../Core/Src/main.c:281:5:main	40	static
../Core/Src/main.c:396:6:SystemClock_Config	88	static
../Core/Src/main.c:442:13:MX_ADC1_Init	24	static
../Core/Src/main.c:503:13:MX_ETH_Init	8	static
../Core/Src/main.c:552:13:MX_I2C1_Init	8	static
../Core/Src/main.c:600:13:MX_TIM1_Init	80	static
../Core/Src/main.c:665:13:MX_TIM3_Init	48	static
../Core/Src/main.c:723:13:MX_TIM4_Init	48	static
../Core/Src/main.c:781:13:MX_USART3_UART_Init	8	static
../Core/Src/main.c:814:13:MX_USART6_UART_Init	8	static
../Core/Src/main.c:847:13:MX_USB_OTG_FS_PCD_Init	8	static
../Core/Src/main.c:880:13:MX_DMA_Init	16	static
../Core/Src/main.c:907:13:MX_GPIO_Init	56	static
../Core/Src/main.c:992:6:Error_Handler	4	static,ignoring_inline_asm
